crash @ 10:53

Jul 15 10:50:28 pop-os systemd[1044]: gnome-terminal-server.service: Consumed 1.793s CPU time.
Jul 15 10:50:31 pop-os systemd[1044]: Starting GNOME Terminal Server...
Jul 15 10:50:31 pop-os systemd[1044]: Started GNOME Terminal Server.
Jul 15 10:50:31 pop-os systemd[1044]: Started VTE child process 19909 launched by gnome-terminal-server process 19884.
Jul 15 10:51:10 pop-os systemd[1044]: Starting GNOME Terminal Server...
Jul 15 10:51:10 pop-os systemd[1]: Starting Refresh fwupd metadata and update motd...
Jul 15 10:51:10 pop-os systemd[1]: fwupd-refresh.service: Deactivated successfully.
Jul 15 10:51:10 pop-os systemd[1]: Finished Refresh fwupd metadata and update motd.
Jul 15 10:51:10 pop-os systemd[1044]: Started GNOME Terminal Server.
Jul 15 10:51:10 pop-os systemd[1044]: Started VTE child process 19978 launched by gnome-terminal-server process 19947.
Jul 15 10:51:35 pop-os systemd[1044]: Started dbus-:1.2-org.gnome.gedit@1.service.
Jul 15 10:51:35 pop-os systemd[1044]: Started app-flatpak-org.gnome.gedit-20001.scope.
Jul 15 10:51:35 pop-os gedit[20012]: Failed to load module "canberra-gtk-module"
Jul 15 10:51:35 pop-os gedit[20012]: Failed to load module "canberra-gtk-module"
Jul 15 10:51:35 pop-os gnome-shell[3553]: Can't update stage views actor <unnamed>[<MetaWindowGroup>:0x5642cba54300] is on because it needs an allocation.
Jul 15 10:51:35 pop-os gnome-shell[3553]: Can't update stage views actor <unnamed>[<MetaWindowActorX11>:0x5642cf60af10] is on because it needs an allocation.
Jul 15 10:51:35 pop-os gnome-shell[3553]: Can't update stage views actor <unnamed>[<MetaSurfaceActorX11>:0x5642cbe9cdc0] is on because it needs an allocation.
Jul 15 10:52:08 pop-os systemd[1044]: app-flatpak-org.gnome.gedit-20001.scope: Consumed 1.376s CPU time.
Jul 15 10:53:08 pop-os /usr/bin/kernelstub[31622]: kernelstub           : DEBUG    Got command line options: Namespace(dry_run=False, print_config=False, esp_path=None, root_path=None, kernel_path=None, initrd_path=None, k_options=None, add_options=None, remove_options=None, log_file=None, setup_loader=False, off_loader=False, install_stub=False, manage_mode=False, force_update=False, verbosity=1, preserve_live=True)
Jul 15 10:53:08 pop-os /usr/bin/kernelstub[31622]: kernelstub.Config    : DEBUG    loaded kernelstub.Config
Jul 15 10:53:08 pop-os /usr/bin/kernelstub[31622]: kernelstub.Config    : INFO     Looking for configuration...
Jul 15 10:53:08 pop-os /usr/bin/kernelstub[31622]: kernelstub.Config    : DEBUG    Checking /etc/kernelstub/configuration
Jul 15 10:53:08 pop-os /usr/bin/kernelstub[31622]: kernelstub.Config    : DEBUG    Configuration found!
Jul 15 10:53:08 pop-os /usr/bin/kernelstub[31622]: kernelstub.Config    : DEBUG    {'kernel_options': ['quiet', 'loglevel=0', 'systemd.show_status=false', 'splash'], 'esp_path': '/boot/efi', 'setup_loader': True, 'manage_mode': True, 'force_update': False, 'live_mode': False, 'config_rev': 3}
Jul 15 10:53:08 pop-os /usr/bin/kernelstub[31622]: kernelstub.Config    : DEBUG    Configuration version: 3
Jul 15 10:53:08 pop-os /usr/bin/kernelstub[31622]: kernelstub.Config    : DEBUG    Configuration up to date
Jul 15 10:53:08 pop-os /usr/bin/kernelstub[31622]: kernelstub           : DEBUG    {#012  "default": {#012    "kernel_options": [#012      "quiet",#012      "splash"#012    ],#012    "esp_path": "/boot/efi",#012    "setup_loader": false,#012    "manage_mode": false,#012    "force_update": false,#012    "live_mode": false,#012    "config_rev": 3#012  },#012  "user": {#012    "kernel_options": [#012      "quiet",#012      "loglevel=0",#012      "systemd.show_status=false",#012      "splash"#012    ],#012    "esp_path": "/boot/efi",#012    "setup_loader": true,#012    "manage_mode": true,#012    "force_update": false,#012    "live_mode": false,#012    "config_rev": 3#012  }#012}
Jul 15 10:53:08 pop-os /usr/bin/kernelstub[31622]: kernelstub           : DEBUG    Checking configuration integrity...
Jul 15 10:53:08 pop-os /usr/bin/kernelstub[31622]: kernelstub           : DEBUG    Structing objects
Jul 15 10:53:08 pop-os /usr/bin/kernelstub[31622]: kernelstub.Drive     : DEBUG    loaded kernelstub.Drive
Jul 15 10:53:08 pop-os /usr/bin/kernelstub[31622]: kernelstub.Drive     : DEBUG    root path = /
Jul 15 10:53:08 pop-os /usr/bin/kernelstub[31622]: kernelstub.Drive     : DEBUG    esp_path = /boot/efi
Jul 15 10:53:08 pop-os /usr/bin/kernelstub[31622]: kernelstub.Drive     : DEBUG    Getting a list of drives
Jul 15 10:53:08 pop-os /usr/bin/kernelstub[31622]: kernelstub.Drive     : DEBUG    ['sysfs /sys sysfs rw,nosuid,nodev,noexec,relatime 0 0\n', 'proc /proc proc rw,nosuid,nodev,noexec,relatime 0 0\n', 'udev /dev devtmpfs rw,nosuid,relatime,size=16309244k,nr_inodes=4077311,mode=755,inode64 0 0\n', 'devpts /dev/pts devpts rw,nosuid,noexec,relatime,gid=5,mode=620,ptmxmode=000 0 0\n', 'tmpfs /run tmpfs rw,nosuid,nodev,noexec,relatime,size=3275768k,mode=755,inode64 0 0\n', 'efivarfs /sys/firmware/efi/efivars efivarfs rw,nosuid,nodev,noexec,relatime 0 0\n', '/dev/nvme0n1p3 / ext4 rw,noatime,errors=remount-ro 0 0\n', 'securityfs /sys/kernel/security securityfs rw,nosuid,nodev,noexec,relatime 0 0\n', 'tmpfs /dev/shm tmpfs rw,nosuid,nodev,inode64 0 0\n', 'tmpfs /run/lock tmpfs rw,nosuid,nodev,noexec,relatime,size=5120k,inode64 0 0\n', 'cgroup2 /sys/fs/cgroup cgroup2 rw,nosuid,nodev,noexec,relatime,nsdelegate,memory_recursiveprot 0 0\n', 'pstore /sys/fs/pstore pstore rw,nosuid,nodev,noexec,relatime 0 0\n', 'bpf /sys/fs/bpf bpf rw,nosuid,nodev,noexec,relatime,mode=700 0 0\n', 'systemd-1 /proc/sys/fs/binfmt_misc autofs rw,relatime,fd=29,pgrp=1,timeout=0,minproto=5,maxproto=5,direct,pipe_ino=19954 0 0\n', 'hugetlbfs /dev/hugepages hugetlbfs rw,relatime,pagesize=2M 0 0\n', 'mqueue /dev/mqueue mqueue rw,nosuid,nodev,noexec,relatime 0 0\n', 'debugfs /sys/kernel/debug debugfs rw,nosuid,nodev,noexec,relatime 0 0\n', 'tracefs /sys/kernel/tracing tracefs rw,nosuid,nodev,noexec,relatime 0 0\n', 'fusectl /sys/fs/fuse/connections fusectl rw,nosuid,nodev,noexec,relatime 0 0\n', 'configfs /sys/kernel/config configfs rw,nosuid,nodev,noexec,relatime 0 0\n', 'ramfs /run/credentials/systemd-sysusers.service ramfs ro,nosuid,nodev,noexec,relatime,mode=700 0 0\n', '/dev/nvme0n1p2 /recovery vfat rw,relatime,fmask=0077,dmask=0077,codepage=437,iocharset=iso8859-1,shortname=mixed,errors=remount-ro 0 0\n', '/dev/nvme0n1p1 /boot/efi vfat rw,relatime,fmask=0077,dmask=0077,codepage=437,iocharset=iso8859-1,shortname=mixed,errors=remount-ro 0 0\n', '/dev/sda1 /home/matthew/DataDisk ext4 rw,nosuid,nodev,relatime 0 0\n', 'tmpfs /run/user/1000 tmpfs rw,nosuid,nodev,relatime,size=3275764k,nr_inodes=818941,mode=700,uid=1000,gid=1000,inode64 0 0\n', 'binfmt_misc /proc/sys/fs/binfmt_misc binfmt_misc rw,nosuid,nodev,noexec,relatime 0 0\n', 'gvfsd-fuse /run/user/1000/gvfs fuse.gvfsd-fuse rw,nosuid,nodev,relatime,user_id=1000,group_id=1000 0 0\n', 'portal /run/user/1000/doc fuse.portal rw,nosuid,nodev,relatime,user_id=1000,group_id=1000 0 0\n']
Jul 15 10:53:08 pop-os /usr/bin/kernelstub[31622]: kernelstub.Drive     : DEBUG    Getting the block device file for /
Jul 15 10:53:08 pop-os /usr/bin/kernelstub[31622]: kernelstub.Drive     : DEBUG    / is on /dev/nvme0n1p3
Jul 15 10:53:08 pop-os /usr/bin/kernelstub[31622]: kernelstub.Drive     : DEBUG    Getting the block device file for /boot/efi
Jul 15 10:53:08 pop-os /usr/bin/kernelstub[31622]: kernelstub.Drive     : DEBUG    /boot/efi is on /dev/nvme0n1p1
Jul 15 10:53:08 pop-os /usr/bin/kernelstub[31622]: kernelstub.Drive     : DEBUG    ESP is a partition on /dev/nvme0n1
Jul 15 10:53:08 pop-os /usr/bin/kernelstub[31622]: kernelstub.Drive     : DEBUG    Looking for UUID for path /
Jul 15 10:53:08 pop-os /usr/bin/kernelstub[31622]: kernelstub.Drive     : DEBUG    Root is on /dev/nvme0n1
Jul 15 10:53:08 pop-os /usr/bin/kernelstub[31622]: kernelstub.Drive     : DEBUG    root_fs = /dev/nvme0n1p3 
Jul 15 10:53:08 pop-os /usr/bin/kernelstub[31622]: kernelstub.Drive     : DEBUG    root_uuid is 7cbe14fc-34d1-4a83-8b9a-4019b41e08d4
Jul 15 10:53:08 pop-os /usr/bin/kernelstub[31622]: kernelstub.NVRAM     : DEBUG    loaded kernelstub.NVRAM
Jul 15 10:53:08 pop-os /usr/bin/kernelstub[31622]: kernelstub.NVRAM     : DEBUG    Updating NVRAM info
Jul 15 10:53:08 pop-os /usr/bin/kernelstub[31622]: kernelstub.NVRAM     : DEBUG    Getting NVRAM data
Jul 15 10:53:08 pop-os /usr/bin/kernelstub[31622]: kernelstub.NVRAM     : DEBUG    Finding NVRAM entry for Pop_OS 22.04
Jul 15 10:53:08 pop-os /usr/bin/kernelstub[31622]: kernelstub.Installer : DEBUG    loaded kernelstub.Installer
Jul 15 10:53:08 pop-os /usr/bin/kernelstub[31622]: kernelstub           : INFO     System information: #012#012    OS:..................Pop!_OS 22.04#012    Root partition:....../dev/nvme0n1p3#012    Root FS UUID:........7cbe14fc-34d1-4a83-8b9a-4019b41e08d4#012    ESP Path:............/boot/efi#012    ESP Partition:......./dev/nvme0n1p1#012    ESP Partition #:.....1#012    NVRAM entry #:.......-1#012    Boot Variable #:.....0000#012    Kernel Boot Options:.quiet loglevel=0 systemd.show_status=false splash#012    Kernel Image Path:.../boot/vmlinuz-6.2.6-76060206-generic#012    Initrd Image Path:.../boot/initrd.img-6.2.6-76060206-generic#012    Force-overwrite:.....False
Jul 15 10:53:08 pop-os /usr/bin/kernelstub[31622]: kernelstub           : DEBUG    Setting up boot...
Jul 15 10:53:08 pop-os /usr/bin/kernelstub[31622]: kernelstub           : DEBUG    kopts: root=UUID=7cbe14fc-34d1-4a83-8b9a-4019b41e08d4 ro quiet loglevel=0 systemd.show_status=false splash
Jul 15 10:53:08 pop-os /usr/bin/kernelstub[31622]: kernelstub.Installer : INFO     Copying Kernel into ESP
Jul 15 10:53:08 pop-os /usr/bin/kernelstub[31622]: kernelstub.Installer : DEBUG    kernel being copied to /boot/efi/EFI/Pop_OS-7cbe14fc-34d1-4a83-8b9a-4019b41e08d4/vmlinuz.efi
Jul 15 10:53:08 pop-os /usr/bin/kernelstub[31622]: kernelstub.Installer : DEBUG    Copying: /boot/vmlinuz-6.2.6-76060206-generic => /boot/efi/EFI/Pop_OS-7cbe14fc-34d1-4a83-8b9a-4019b41e08d4/vmlinuz.efi
Jul 15 10:53:08 pop-os /usr/bin/kernelstub[31622]: kernelstub.Installer : INFO     Copying initrd.img into ESP
Jul 15 10:53:08 pop-os /usr/bin/kernelstub[31622]: kernelstub.Installer : DEBUG    Copying: /boot/initrd.img-6.2.6-76060206-generic => /boot/efi/EFI/Pop_OS-7cbe14fc-34d1-4a83-8b9a-4019b41e08d4/initrd.img
Jul 15 10:53:08 pop-os /usr/bin/kernelstub[31622]: kernelstub.Installer : DEBUG    Copy complete
Jul 15 10:53:08 pop-os /usr/bin/kernelstub[31622]: kernelstub.Installer : INFO     Setting up loader.conf configuration
Jul 15 10:53:08 pop-os /usr/bin/kernelstub[31622]: kernelstub.Installer : INFO     Making entry file for Pop!_OS
Jul 15 10:53:08 pop-os /usr/bin/kernelstub[31622]: kernelstub.Installer : DEBUG    Entry created!
Jul 15 10:53:08 pop-os /usr/bin/kernelstub[31622]: kernelstub.Installer : INFO     Backing up old kernel
Jul 15 10:53:08 pop-os /usr/bin/kernelstub[31622]: kernelstub.Installer : INFO     No old kernel found, skipping
Jul 15 10:53:08 pop-os /usr/bin/kernelstub[31622]: kernelstub.Installer : DEBUG    Copying: /proc/cmdline => /boot/efi/EFI/Pop_OS-7cbe14fc-34d1-4a83-8b9a-4019b41e08d4
Jul 15 10:53:08 pop-os /usr/bin/kernelstub[31622]: kernelstub           : DEBUG    Saving configuration to file
Jul 15 10:53:08 pop-os /usr/bin/kernelstub[31622]: kernelstub.Config    : DEBUG    Saving configuration to /etc/kernelstub/configuration
Jul 15 10:53:08 pop-os /usr/bin/kernelstub[31622]: kernelstub.Config    : DEBUG    Configuration saved!
Jul 15 10:53:08 pop-os /usr/bin/kernelstub[31622]: kernelstub           : DEBUG    Setup complete!#012
Jul 15 10:53:24 pop-os systemd[1]: Stopping Session 4 of User matthew...
Jul 15 10:53:24 pop-os systemd[1]: Removed slice Slice /system/getty.
Jul 15 10:53:24 pop-os systemd[1]: Removed slice Slice /system/modprobe.
Jul 15 10:53:24 pop-os systemd[1]: Stopped target Bluetooth Support.
Jul 15 10:53:24 pop-os systemd[1]: Stopped target Graphical Interface.
Jul 15 10:53:24 pop-os systemd[1]: Stopped target Multi-User System.
Jul 15 10:53:24 pop-os systemd[1]: Stopped target Login Prompts.
Jul 15 10:53:24 pop-os systemd[1]: Stopped target Host and Network Name Lookups.
Jul 15 10:53:24 pop-os systemd[1]: Stopped target Sound Card.
Jul 15 10:53:24 pop-os systemd[1]: Stopped target Timer Units.
Jul 15 10:53:24 pop-os systemd[1]: apt-daily-upgrade.timer: Deactivated successfully.
Jul 15 10:53:24 pop-os systemd[1]: Stopped Daily apt upgrade and clean activities.
Jul 15 10:53:24 pop-os systemd[1]: apt-daily.timer: Deactivated successfully.
Jul 15 10:53:24 pop-os systemd[1]: Stopped Daily apt download activities.
Jul 15 10:53:24 pop-os systemd[1]: dpkg-db-backup.timer: Deactivated successfully.
Jul 15 10:53:24 pop-os systemd[1]: Stopped Daily dpkg database backup timer.
Jul 15 10:53:24 pop-os systemd[1]: e2scrub_all.timer: Deactivated successfully.
Jul 15 10:53:24 pop-os systemd[1]: Stopped Periodic ext4 Online Metadata Check for All Filesystems.
Jul 15 10:53:24 pop-os systemd[1]: fstrim.timer: Deactivated successfully.
Jul 15 10:53:24 pop-os systemd[1]: Stopped Discard unused blocks once a week.
Jul 15 10:53:24 pop-os systemd[1]: fwupd-refresh.timer: Deactivated successfully.
Jul 15 10:53:24 pop-os systemd[1]: Stopped Refresh fwupd metadata regularly.
Jul 15 10:53:24 pop-os systemd[1]: logrotate.timer: Deactivated successfully.
Jul 15 10:53:24 pop-os systemd[1]: Stopped Daily rotation of log files.
Jul 15 10:53:24 pop-os systemd[1]: man-db.timer: Deactivated successfully.
Jul 15 10:53:24 pop-os systemd[1]: Stopped Daily man-db regeneration.
Jul 15 10:53:24 pop-os systemd[1]: motd-news.timer: Deactivated successfully.
Jul 15 10:53:24 pop-os systemd[1]: Stopped Message of the Day.
Jul 15 10:53:24 pop-os systemd[1]: systemd-tmpfiles-clean.timer: Deactivated successfully.
Jul 15 10:53:24 pop-os systemd[1]: Stopped Daily Cleanup of Temporary Directories.
Jul 15 10:53:24 pop-os systemd[1]: Stopped target System Time Synchronized.
Jul 15 10:53:24 pop-os systemd[1]: Stopped target System Time Set.
Jul 15 10:53:24 pop-os systemd[1]: lvm2-lvmpolld.socket: Deactivated successfully.
Jul 15 10:53:24 pop-os systemd[1]: Closed LVM2 poll daemon socket.
Jul 15 10:53:24 pop-os systemd[1]: systemd-rfkill.socket: Deactivated successfully.
Jul 15 10:53:24 pop-os systemd[1]: Closed Load/Save RF Kill Switch Status /dev/rfkill Watch.
Jul 15 10:53:24 pop-os kernel: [ 1598.962365] rfkill: input handler enabled
Jul 15 10:53:24 pop-os systemd[1044]: Stopped target GNOME X11 Session (session: pop).
Jul 15 10:53:24 pop-os ModemManager[912]: <info>  caught signal, shutting down...
Jul 15 10:53:24 pop-os systemd[1044]: Stopped target Current graphical user session.
Jul 15 10:53:24 pop-os firefox.desktop[19692]: Exiting due to channel error.
Jul 15 10:53:24 pop-os /usr/libexec/gdm-x-session[3421]: (**) Option "fd" "29"
Jul 15 10:53:24 pop-os /usr/libexec/gdm-x-session[3421]: (II) event1  - Power Button: device removed
Jul 15 10:53:24 pop-os /usr/libexec/gdm-x-session[3421]: (**) Option "fd" "32"
Jul 15 10:53:24 pop-os /usr/libexec/gdm-x-session[3421]: (II) event0  - Power Button: device removed
Jul 15 10:53:24 pop-os /usr/libexec/gdm-x-session[3421]: (**) Option "fd" "33"
Jul 15 10:53:24 pop-os /usr/libexec/gdm-x-session[3421]: (II) event2  - SteelSeries  SteelSeries Arctis 7 Consumer Control: device removed
Jul 15 10:53:24 pop-os /usr/libexec/gdm-x-session[3421]: (**) Option "fd" "34"
Jul 15 10:53:24 pop-os /usr/libexec/gdm-x-session[3421]: (II) event4  - Keychron Keychron K1: device removed
Jul 15 10:53:24 pop-os /usr/libexec/gdm-x-session[3421]: (**) Option "fd" "35"
Jul 15 10:53:24 pop-os /usr/libexec/gdm-x-session[3421]: (**) Option "fd" "36"
Jul 15 10:53:24 pop-os /usr/libexec/gdm-x-session[3421]: (II) event8  - HD Pro Webcam C920: device removed
Jul 15 10:53:24 pop-os /usr/libexec/gdm-x-session[3421]: (**) Option "fd" "37"
Jul 15 10:53:24 pop-os /usr/libexec/gdm-x-session[3421]: (II) event6  - Kingston HyperX Quadcast Consumer Control: device removed
Jul 15 10:53:24 pop-os /usr/libexec/gdm-x-session[3421]: (**) Option "fd" "38"
Jul 15 10:53:24 pop-os /usr/libexec/gdm-x-session[3421]: (**) Option "fd" "35"
Jul 15 10:53:24 pop-os /usr/libexec/gdm-x-session[3421]: (II) event5  - Keychron Keychron K1: device removed
Jul 15 10:53:24 pop-os /usr/libexec/gdm-x-session[3421]: (**) Option "fd" "38"
Jul 15 10:53:24 pop-os /usr/libexec/gdm-x-session[3421]: (II) event7  - Logitech MX Master 3: device removed
Jul 15 10:53:24 pop-os /usr/libexec/gdm-x-session[3421]: (II) UnloadModule: "libinput"
Jul 15 10:53:24 pop-os /usr/libexec/gdm-x-session[3421]: (II) systemd-logind: not releasing fd for 13:71, still in use
Jul 15 10:53:24 pop-os /usr/libexec/gdm-x-session[3421]: (II) UnloadModule: "libinput"
Jul 15 10:53:24 pop-os /usr/libexec/gdm-x-session[3421]: (II) systemd-logind: not releasing fd for 13:69, still in use
Jul 15 10:53:24 pop-os /usr/libexec/gdm-x-session[3421]: (II) UnloadModule: "libinput"
Jul 15 10:53:24 pop-os /usr/libexec/gdm-x-session[3421]: (II) systemd-logind: releasing fd for 13:71
Jul 15 10:53:24 pop-os io.github.mimbrero.WhatsAppDesktop.desktop[17815]: [41:0715/105324.728300:ERROR:connection.cc(46)] X connection error received.
Jul 15 10:53:24 pop-os at-spi2-registryd[3668]: X connection to :1 broken (explicit kill or server shutdown).
Jul 15 10:53:24 pop-os ModemManager[912]: <info>  ModemManager is shut down
Jul 15 10:53:24 pop-os systemd[1044]: Stopped target GNOME Session.
Jul 15 10:53:24 pop-os firefox.desktop[19781]: Exiting due to channel error.
Jul 15 10:53:24 pop-os systemd[1044]: Stopped target GNOME X11 Session.
Jul 15 10:53:24 pop-os firefox.desktop[18304]: Exiting due to channel error.
Jul 15 10:53:24 pop-os systemd[1044]: Stopped target GNOME Session (session: pop).
Jul 15 10:53:24 pop-os firefox.desktop[18297]: Exiting due to channel error.
Jul 15 10:53:24 pop-os systemd[1044]: Stopped target GNOME accessibility target.
Jul 15 10:53:24 pop-os firefox.desktop[19734]: Exiting due to channel error.
Jul 15 10:53:24 pop-os systemd[1044]: Stopped target GNOME color management target.
Jul 15 10:53:24 pop-os firefox.desktop[18424]: Exiting due to channel error.
Jul 15 10:53:24 pop-os systemd[1044]: Stopped target GNOME date & time target.
Jul 15 10:53:24 pop-os firefox.desktop[18256]: Exiting due to channel error.
Jul 15 10:53:24 pop-os systemd[1044]: Stopped target GNOME maintenance of expirable data target.
Jul 15 10:53:24 pop-os firefox.desktop[19390]: Exiting due to channel error.
Jul 15 10:53:24 pop-os systemd[1044]: Stopped target GNOME keyboard configuration target.
Jul 15 10:53:24 pop-os firefox.desktop[18182]: Exiting due to channel error.
Jul 15 10:53:24 pop-os systemd[1044]: Stopped target GNOME keyboard shortcuts target.
Jul 15 10:53:24 pop-os firefox.desktop[19330]: Exiting due to channel error.
Jul 15 10:53:24 pop-os systemd[1044]: Stopped target GNOME power management target.
Jul 15 10:53:24 pop-os firefox.desktop[18124]: Exiting due to channel error.
Jul 15 10:53:24 pop-os systemd[1044]: Stopped target GNOME printer notifications target.
Jul 15 10:53:24 pop-os systemd[1044]: Stopped target GNOME RFKill support target.
Jul 15 10:53:24 pop-os systemd[1044]: Stopped target GNOME FreeDesktop screensaver target.
Jul 15 10:53:24 pop-os systemd[1044]: Stopped target GNOME file sharing target.
Jul 15 10:53:24 pop-os systemd[1044]: Stopped target GNOME smartcard target.
Jul 15 10:53:24 pop-os systemd[1044]: Stopped target GNOME sound sample caching target.
Jul 15 10:53:24 pop-os systemd[1044]: Stopped target GNOME Wacom tablet support target.
Jul 15 10:53:24 pop-os systemd[1044]: Stopped target GNOME XSettings target.
Jul 15 10:53:24 pop-os systemd[1044]: Stopping flatpak portal...
Jul 15 10:53:24 pop-os systemd[1044]: Stopping flatpak session helper...
Jul 15 10:53:24 pop-os systemd[1044]: Stopping GNOME Terminal Server...
Jul 15 10:53:24 pop-os systemd[1044]: Stopping IBus Daemon for GNOME...
Jul 15 10:53:24 pop-os systemd[1044]: Stopping GNOME accessibility service...
Jul 15 10:53:24 pop-os systemd[1044]: Stopping GNOME color management service...
Jul 15 10:53:24 pop-os systemd[1044]: Stopping GNOME date & time service...
Jul 15 10:53:24 pop-os systemd[1044]: Stopping GNOME maintenance of expirable data service...
Jul 15 10:53:24 pop-os systemd[1044]: Stopping GNOME keyboard configuration service...
Jul 15 10:53:24 pop-os systemd[1044]: Stopping GNOME keyboard shortcuts service...
Jul 15 10:53:24 pop-os systemd[1044]: Stopping GNOME power management service...
Jul 15 10:53:24 pop-os systemd[1044]: Stopping GNOME printer notifications service...
Jul 15 10:53:24 pop-os systemd[1044]: Stopping GNOME RFKill support service...
Jul 15 10:53:24 pop-os systemd[1044]: Stopping GNOME FreeDesktop screensaver service...
Jul 15 10:53:24 pop-os bluetoothd[834]: Terminating
Jul 15 10:53:24 pop-os systemd[1044]: Stopping GNOME file sharing service...
Jul 15 10:53:24 pop-os chronyd[974]: chronyd exiting
Jul 15 10:53:24 pop-os systemd[1044]: Stopping GNOME smartcard service...
Jul 15 10:53:48 pop-os systemd-modules-load[471]: Inserted module 'lp'
Jul 15 10:53:48 pop-os systemd-modules-load[471]: Inserted module 'ppdev'
Jul 15 10:53:48 pop-os systemd-modules-load[471]: Inserted module 'parport_pc'
Jul 15 10:53:48 pop-os systemd-modules-load[471]: Module 'ecryptfs' is built in
Jul 15 10:53:48 pop-os systemd-modules-load[471]: Inserted module 'msr'
Jul 15 10:53:48 pop-os systemd-modules-load[471]: Inserted module 'kyber_iosched'
Jul 15 10:53:48 pop-os systemd-sysctl[486]: Couldn't write '1' to 'kernel/unprivileged_userns_clone', ignoring: No such file or directory
Jul 15 10:53:48 pop-os systemd[1]: Starting Flush Journal to Persistent Storage...
Jul 15 10:53:48 pop-os systemd[1]: Started Rule-based Manager for Device Events and Files.
Jul 15 10:53:48 pop-os systemd[1]: Finished Coldplug All udev Devices.
Jul 15 10:53:48 pop-os kernel: [    0.000000] Linux version 6.2.6-76060206-generic (jenkins@warp.pop-os.org) (x86_64-linux-gnu-gcc-12 (Ubuntu 12.1.0-2ubuntu1~22.04) 12.1.0, GNU ld (GNU Binutils for Ubuntu) 2.38) #202303130630~1689015125~22.04~ab2190e SMP PREEMPT_DYNAMIC Mon J
Jul 15 10:53:48 pop-os systemd[1]: Starting Helper to synchronize boot up for ifupdown...
Jul 15 10:53:48 pop-os kernel: [    0.000000] Command line: initrd=\EFI\Pop_OS-7cbe14fc-34d1-4a83-8b9a-4019b41e08d4\initrd.img root=UUID=7cbe14fc-34d1-4a83-8b9a-4019b41e08d4 ro quiet loglevel=0 systemd.show_status=false splash
Jul 15 10:53:48 pop-os kernel: [    0.000000] KERNEL supported cpus:
Jul 15 10:53:48 pop-os kernel: [    0.000000]   Intel GenuineIntel
Jul 15 10:53:48 pop-os kernel: [    0.000000]   AMD AuthenticAMD
Jul 15 10:53:48 pop-os kernel: [    0.000000]   Hygon HygonGenuine
Jul 15 10:53:48 pop-os kernel: [    0.000000]   Centaur CentaurHauls
Jul 15 10:53:48 pop-os systemd[1]: Starting Show Plymouth Boot Screen...
Jul 15 10:53:48 pop-os kernel: [    0.000000]   zhaoxin   Shanghai  
Jul 15 10:53:48 pop-os kernel: [    0.000000] x86/fpu: Supporting XSAVE feature 0x001: 'x87 floating point registers'
Jul 15 10:53:48 pop-os kernel: [    0.000000] x86/fpu: Supporting XSAVE feature 0x002: 'SSE registers'
Jul 15 10:53:48 pop-os kernel: [    0.000000] x86/fpu: Supporting XSAVE feature 0x004: 'AVX registers'
Jul 15 10:53:48 pop-os systemd[1]: Finished Helper to synchronize boot up for ifupdown.
Jul 15 10:53:48 pop-os kernel: [    0.000000] x86/fpu: Supporting XSAVE feature 0x200: 'Protection Keys User registers'
Jul 15 10:53:48 pop-os kernel: [    0.000000] x86/fpu: xstate_offset[2]:  576, xstate_sizes[2]:  256
Jul 15 10:53:48 pop-os kernel: [    0.000000] x86/fpu: xstate_offset[9]:  832, xstate_sizes[9]:    8
Jul 15 10:53:48 pop-os kernel: [    0.000000] x86/fpu: Enabled xstate features 0x207, context size is 840 bytes, using 'compacted' format.
Jul 15 10:53:48 pop-os kernel: [    0.000000] signal: max sigframe size: 3376
Jul 15 10:53:48 pop-os kernel: [    0.000000] BIOS-provided physical RAM map:
Jul 15 10:53:48 pop-os kernel: [    0.000000] BIOS-e820: [mem 0x0000000000000000-0x000000000009ffff] usable
Jul 15 10:53:48 pop-os kernel: [    0.000000] BIOS-e820: [mem 0x00000000000a0000-0x00000000000fffff] reserved
Jul 15 10:53:48 pop-os systemd[1]: Started Show Plymouth Boot Screen.
Jul 15 10:53:48 pop-os kernel: [    0.000000] BIOS-e820: [mem 0x0000000000100000-0x0000000009c3efff] usable
Jul 15 10:53:48 pop-os kernel: [    0.000000] BIOS-e820: [mem 0x0000000009c3f000-0x0000000009ffffff] reserved
Jul 15 10:53:48 pop-os systemd[1]: Condition check resulted in Dispatch Password Requests to Console Directory Watch being skipped.
Jul 15 10:53:48 pop-os kernel: [    0.000000] BIOS-e820: [mem 0x000000000a000000-0x000000000a1fffff] usable
Jul 15 10:53:48 pop-os kernel: [    0.000000] BIOS-e820: [mem 0x000000000a200000-0x000000000a20dfff] ACPI NVS
Jul 15 10:53:48 pop-os kernel: [    0.000000] BIOS-e820: [mem 0x000000000a20e000-0x000000000affffff] usable
Jul 15 10:53:48 pop-os kernel: [    0.000000] BIOS-e820: [mem 0x000000000b000000-0x000000000b01ffff] reserved
Jul 15 10:53:48 pop-os kernel: [    0.000000] BIOS-e820: [mem 0x000000000b020000-0x00000000b9eb7fff] usable
Jul 15 10:53:48 pop-os systemd[1]: Started Forward Password Requests to Plymouth Directory Watch.
Jul 15 10:53:48 pop-os kernel: [    0.000000] BIOS-e820: [mem 0x00000000b9eb8000-0x00000000bca24fff] reserved
Jul 15 10:53:48 pop-os kernel: [    0.000000] BIOS-e820: [mem 0x00000000bca25000-0x00000000bca70fff] ACPI data
Jul 15 10:53:48 pop-os kernel: [    0.000000] BIOS-e820: [mem 0x00000000bca71000-0x00000000bd157fff] ACPI NVS
Jul 15 10:53:48 pop-os kernel: [    0.000000] BIOS-e820: [mem 0x00000000bd158000-0x00000000bddfefff] reserved
Jul 15 10:53:48 pop-os kernel: [    0.000000] BIOS-e820: [mem 0x00000000bddff000-0x00000000beffffff] usable
Jul 15 10:53:48 pop-os kernel: [    0.000000] BIOS-e820: [mem 0x00000000bf000000-0x00000000bfffffff] reserved
Jul 15 10:53:48 pop-os systemd[1]: Finished Flush Journal to Persistent Storage.
Jul 15 10:53:48 pop-os kernel: [    0.000000] BIOS-e820: [mem 0x00000000f0000000-0x00000000f7ffffff] reserved
Jul 15 10:53:48 pop-os kernel: [    0.000000] BIOS-e820: [mem 0x00000000fd200000-0x00000000fd2fffff] reserved
Jul 15 10:53:48 pop-os kernel: [    0.000000] BIOS-e820: [mem 0x00000000fd600000-0x00000000fd7fffff] reserved
Jul 15 10:53:48 pop-os kernel: [    0.000000] BIOS-e820: [mem 0x00000000fea00000-0x00000000fea0ffff] reserved
Jul 15 10:53:48 pop-os kernel: [    0.000000] BIOS-e820: [mem 0x00000000feb80000-0x00000000fec01fff] reserved
Jul 15 10:53:48 pop-os systemd[1]: modprobe@chromeos_pstore.service: Deactivated successfully.
Jul 15 10:53:48 pop-os kernel: [    0.000000] BIOS-e820: [mem 0x00000000fec10000-0x00000000fec10fff] reserved
Jul 15 10:53:48 pop-os kernel: [    0.000000] BIOS-e820: [mem 0x00000000fec30000-0x00000000fec30fff] reserved
Jul 15 10:53:48 pop-os kernel: [    0.000000] BIOS-e820: [mem 0x00000000fed00000-0x00000000fed00fff] reserved
Jul 15 10:53:48 pop-os kernel: [    0.000000] BIOS-e820: [mem 0x00000000fed40000-0x00000000fed44fff] reserved
Jul 15 10:53:48 pop-os kernel: [    0.000000] BIOS-e820: [mem 0x00000000fed80000-0x00000000fed8ffff] reserved
Jul 15 10:53:48 pop-os systemd[1]: Finished Load Kernel Module chromeos_pstore.
Jul 15 10:53:48 pop-os kernel: [    0.000000] BIOS-e820: [mem 0x00000000fedc2000-0x00000000fedcffff] reserved
Jul 15 10:53:48 pop-os kernel: [    0.000000] BIOS-e820: [mem 0x00000000fedd4000-0x00000000fedd5fff] reserved
Jul 15 10:53:48 pop-os kernel: [    0.000000] BIOS-e820: [mem 0x00000000ff000000-0x00000000ffffffff] reserved
Jul 15 10:53:48 pop-os kernel: [    0.000000] BIOS-e820: [mem 0x0000000100000000-0x000000083f37ffff] usable
Jul 15 10:53:48 pop-os kernel: [    0.000000] BIOS-e820: [mem 0x000000083f380000-0x000000083fffffff] reserved
Jul 15 10:53:48 pop-os systemd[1]: Condition check resulted in Platform Persistent Storage Archival being skipped.
Jul 15 10:53:48 pop-os kernel: [    0.000000] NX (Execute Disable) protection: active
Jul 15 10:53:48 pop-os kernel: [    0.000000] e820: update [mem 0xb44fe018-0xb450b857] usable ==> usable
Jul 15 10:53:48 pop-os systemd[1]: Finished Monitoring of LVM2 mirrors, snapshots etc. using dmeventd or progress polling.
Jul 15 10:53:48 pop-os kernel: [    0.000000] e820: update [mem 0xb44fe018-0xb450b857] usable ==> usable
Jul 15 10:53:48 pop-os kernel: [    0.000000] e820: update [mem 0xb44b5018-0xb44c2857] usable ==> usable
Jul 15 10:53:48 pop-os systemd[1]: Reached target Preparation for Local File Systems.
Jul 15 10:53:48 pop-os kernel: [    0.000000] e820: update [mem 0xb44b5018-0xb44c2857] usable ==> usable
Jul 15 10:53:48 pop-os kernel: [    0.000000] e820: update [mem 0xb4497018-0xb44b4e57] usable ==> usable
Jul 15 10:53:48 pop-os systemd-udevd[514]: Using default interface naming scheme 'v249'.
Jul 15 10:53:48 pop-os kernel: [    0.000000] e820: update [mem 0xb4497018-0xb44b4e57] usable ==> usable
Jul 15 10:53:48 pop-os kernel: [    0.000000] extended physical RAM map:
Jul 15 10:53:48 pop-os kernel: [    0.000000] reserve setup_data: [mem 0x0000000000000000-0x000000000009ffff] usable
Jul 15 10:53:48 pop-os kernel: [    0.000000] reserve setup_data: [mem 0x00000000000a0000-0x00000000000fffff] reserved
Jul 15 10:53:48 pop-os mtp-probe: checking bus 1, device 2: "/sys/devices/pci0000:00/0000:00:01.2/0000:04:00.0/usb1/1-3"
Jul 15 10:53:48 pop-os kernel: [    0.000000] reserve setup_data: [mem 0x0000000000100000-0x0000000009c3efff] usable
Jul 15 10:53:48 pop-os mtp-probe: checking bus 1, device 4: "/sys/devices/pci0000:00/0000:00:01.2/0000:04:00.0/usb1/1-7"
Jul 15 10:53:48 pop-os kernel: [    0.000000] reserve setup_data: [mem 0x0000000009c3f000-0x0000000009ffffff] reserved
Jul 15 10:53:48 pop-os kernel: [    0.000000] reserve setup_data: [mem 0x000000000a000000-0x000000000a1fffff] usable
Jul 15 10:53:48 pop-os kernel: [    0.000000] reserve setup_data: [mem 0x000000000a200000-0x000000000a20dfff] ACPI NVS
Jul 15 10:53:48 pop-os kernel: [    0.000000] reserve setup_data: [mem 0x000000000a20e000-0x000000000affffff] usable
Jul 15 10:53:48 pop-os kernel: [    0.000000] reserve setup_data: [mem 0x000000000b000000-0x000000000b01ffff] reserved
Jul 15 10:53:48 pop-os kernel: [    0.000000] reserve setup_data: [mem 0x000000000b020000-0x00000000b4497017] usable
Jul 15 10:53:48 pop-os mtp-probe: bus: 1, device: 4 was not an MTP device
Jul 15 10:53:48 pop-os kernel: [    0.000000] reserve setup_data: [mem 0x00000000b4497018-0x00000000b44b4e57] usable
Jul 15 10:53:48 pop-os kernel: [    0.000000] reserve setup_data: [mem 0x00000000b44b4e58-0x00000000b44b5017] usable
Jul 15 10:53:48 pop-os kernel: [    0.000000] reserve setup_data: [mem 0x00000000b44b5018-0x00000000b44c2857] usable
Jul 15 10:53:48 pop-os mtp-probe: bus: 1, device: 2 was not an MTP device
Jul 15 10:53:48 pop-os kernel: [    0.000000] reserve setup_data: [mem 0x00000000b44c2858-0x00000000b44fe017] usable
Jul 15 10:53:48 pop-os kernel: [    0.000000] reserve setup_data: [mem 0x00000000b44fe018-0x00000000b450b857] usable
Jul 15 10:53:48 pop-os kernel: [    0.000000] reserve setup_data: [mem 0x00000000b450b858-0x00000000b9eb7fff] usable
Jul 15 10:53:48 pop-os systemd[1]: Found device Corsair MP600 PRO LPX 4.
Jul 15 10:53:48 pop-os systemd[1]: Found device Corsair MP600 PRO LPX 1.
Jul 15 10:53:48 pop-os systemd[1]: Found device Corsair MP600 PRO LPX recovery.
Jul 15 10:53:48 pop-os kernel: [    0.000000] reserve setup_data: [mem 0x00000000b9eb8000-0x00000000bca24fff] reserved
Jul 15 10:53:48 pop-os kernel: [    0.000000] reserve setup_data: [mem 0x00000000bca25000-0x00000000bca70fff] ACPI data
Jul 15 10:53:48 pop-os kernel: [    0.000000] reserve setup_data: [mem 0x00000000bca71000-0x00000000bd157fff] ACPI NVS
Jul 15 10:53:48 pop-os kernel: [    0.000000] reserve setup_data: [mem 0x00000000bd158000-0x00000000bddfefff] reserved
Jul 15 10:53:48 pop-os systemd[1]: Mounting /boot/efi...
Jul 15 10:53:48 pop-os kernel: [    0.000000] reserve setup_data: [mem 0x00000000bddff000-0x00000000beffffff] usable
Jul 15 10:53:48 pop-os kernel: [    0.000000] reserve setup_data: [mem 0x00000000bf000000-0x00000000bfffffff] reserved
Jul 15 10:53:48 pop-os kernel: [    0.000000] reserve setup_data: [mem 0x00000000f0000000-0x00000000f7ffffff] reserved
Jul 15 10:53:48 pop-os kernel: [    0.000000] reserve setup_data: [mem 0x00000000fd200000-0x00000000fd2fffff] reserved
Jul 15 10:53:48 pop-os mtp-probe: checking bus 2, device 7: "/sys/devices/pci0000:00/0000:00:08.1/0000:0b:00.3/usb2/2-1/2-1.4"
Jul 15 10:53:48 pop-os kernel: [    0.000000] reserve setup_data: [mem 0x00000000fd600000-0x00000000fd7fffff] reserved
Jul 15 10:53:48 pop-os kernel: [    0.000000] reserve setup_data: [mem 0x00000000fea00000-0x00000000fea0ffff] reserved
Jul 15 10:53:48 pop-os kernel: [    0.000000] reserve setup_data: [mem 0x00000000feb80000-0x00000000fec01fff] reserved
Jul 15 10:53:48 pop-os mtp-probe: checking bus 2, device 5: "/sys/devices/pci0000:00/0000:00:08.1/0000:0b:00.3/usb2/2-1/2-1.2"
Jul 15 10:53:48 pop-os kernel: [    0.000000] reserve setup_data: [mem 0x00000000fec10000-0x00000000fec10fff] reserved
Jul 15 10:53:48 pop-os kernel: [    0.000000] reserve setup_data: [mem 0x00000000fec30000-0x00000000fec30fff] reserved
Jul 15 10:53:48 pop-os mtp-probe: bus: 2, device: 7 was not an MTP device
Jul 15 10:53:48 pop-os kernel: [    0.000000] reserve setup_data: [mem 0x00000000fed00000-0x00000000fed00fff] reserved
Jul 15 10:53:48 pop-os kernel: [    0.000000] reserve setup_data: [mem 0x00000000fed40000-0x00000000fed44fff] reserved
Jul 15 10:53:48 pop-os kernel: [    0.000000] reserve setup_data: [mem 0x00000000fed80000-0x00000000fed8ffff] reserved
Jul 15 10:53:48 pop-os kernel: [    0.000000] reserve setup_data: [mem 0x00000000fedc2000-0x00000000fedcffff] reserved
Jul 15 10:53:48 pop-os kernel: [    0.000000] reserve setup_data: [mem 0x00000000fedd4000-0x00000000fedd5fff] reserved
Jul 15 10:53:48 pop-os mtp-probe: checking bus 2, device 4: "/sys/devices/pci0000:00/0000:00:08.1/0000:0b:00.3/usb2/2-1/2-1.1"
Jul 15 10:53:48 pop-os kernel: [    0.000000] reserve setup_data: [mem 0x00000000ff000000-0x00000000ffffffff] reserved
Jul 15 10:53:48 pop-os kernel: [    0.000000] reserve setup_data: [mem 0x0000000100000000-0x000000083f37ffff] usable
Jul 15 10:53:48 pop-os kernel: [    0.000000] reserve setup_data: [mem 0x000000083f380000-0x000000083fffffff] reserved
Jul 15 10:53:48 pop-os kernel: [    0.000000] efi: EFI v2.70 by American Megatrends
Jul 15 10:53:48 pop-os kernel: [    0.000000] efi: ACPI=0xbd141000 ACPI 2.0=0xbd141014 TPMFinalLog=0xbd10b000 SMBIOS=0xbdc29000 SMBIOS 3.0=0xbdc28000 MEMATTR=0xb47af018 ESRT=0xb812ad98 INITRD=0xb4796b98 RNG=0xbca52018 TPMEventLog=0xb46a0018 
Jul 15 10:53:48 pop-os mtp-probe: checking bus 2, device 6: "/sys/devices/pci0000:00/0000:00:08.1/0000:0b:00.3/usb2/2-1/2-1.3"
Jul 15 10:53:48 pop-os kernel: [    0.000000] random: crng init done
Jul 15 10:53:48 pop-os kernel: [    0.000000] efi: Remove mem314: MMIO range=[0xf0000000-0xf7ffffff] (128MB) from e820 map
Jul 15 10:53:48 pop-os systemd[1]: Mounting /recovery...
Jul 15 10:53:48 pop-os mtp-probe: bus: 2, device: 5 was not an MTP device
Jul 15 10:53:48 pop-os mtp-probe: bus: 2, device: 4 was not an MTP device
Jul 15 10:53:48 pop-os mtp-probe: bus: 2, device: 6 was not an MTP device
Jul 15 10:53:48 pop-os systemd[1]: Starting Cryptography Setup for cryptswap...
Jul 15 10:53:48 pop-os systemd[1]: Mounted /boot/efi.
Jul 15 10:53:48 pop-os systemd[1]: Mounted /recovery.
Jul 15 10:53:48 pop-os systemd[1]: Reached target Local File Systems.
Jul 15 10:53:48 pop-os systemd[1]: Starting Load AppArmor profiles...
Jul 15 10:53:48 pop-os systemd-cryptsetup[624]: Set cipher aes, mode xts-plain64, key size 512 bits for device /dev/disk/by-uuid/e264d9e5-4040-4266-baca-8b769f89e854.
Jul 15 10:53:48 pop-os systemd[1]: Starting Set console font and keymap...
Jul 15 10:53:48 pop-os systemd[1]: Starting Create final runtime dir for shutdown pivot root...
Jul 15 10:53:48 pop-os systemd[1]: Starting Tell Plymouth To Write Out Runtime Data...
Jul 15 10:53:48 pop-os systemd[1]: Condition check resulted in Set Up Additional Binary Formats being skipped.
Jul 15 10:53:48 pop-os systemd[1]: Condition check resulted in Store a System Token in an EFI Variable being skipped.
Jul 15 10:53:48 pop-os kernel: [    0.000000] e820: remove [mem 0xf0000000-0xf7ffffff] reserved
Jul 15 10:53:48 pop-os systemd[1]: Condition check resulted in Commit a transient machine-id on disk being skipped.
Jul 15 10:53:48 pop-os kernel: [    0.000000] efi: Remove mem315: MMIO range=[0xfd200000-0xfd2fffff] (1MB) from e820 map
Jul 15 10:53:48 pop-os kernel: [    0.000000] e820: remove [mem 0xfd200000-0xfd2fffff] reserved
Jul 15 10:53:48 pop-os kernel: [    0.000000] efi: Remove mem316: MMIO range=[0xfd600000-0xfd7fffff] (2MB) from e820 map
Jul 15 10:53:48 pop-os kernel: [    0.000000] e820: remove [mem 0xfd600000-0xfd7fffff] reserved
Jul 15 10:53:48 pop-os kernel: [    0.000000] efi: Not removing mem317: MMIO range=[0xfea00000-0xfea0ffff] (64KB) from e820 map
Jul 15 10:53:48 pop-os apparmor.systemd[649]: Restarting AppArmor
Jul 15 10:53:48 pop-os kernel: [    0.000000] efi: Remove mem318: MMIO range=[0xfeb80000-0xfec01fff] (0MB) from e820 map
Jul 15 10:53:48 pop-os apparmor.systemd[649]: Reloading AppArmor profiles
Jul 15 10:53:48 pop-os kernel: [    0.000000] e820: remove [mem 0xfeb80000-0xfec01fff] reserved
Jul 15 10:53:48 pop-os kernel: [    0.000000] efi: Not removing mem319: MMIO range=[0xfec10000-0xfec10fff] (4KB) from e820 map
Jul 15 10:53:48 pop-os kernel: [    0.000000] efi: Not removing mem320: MMIO range=[0xfec30000-0xfec30fff] (4KB) from e820 map
Jul 15 10:53:48 pop-os systemd[1]: Starting Create Volatile Files and Directories...
Jul 15 10:53:48 pop-os kernel: [    0.000000] efi: Not removing mem321: MMIO range=[0xfed00000-0xfed00fff] (4KB) from e820 map
Jul 15 10:53:48 pop-os kernel: [    0.000000] efi: Not removing mem322: MMIO range=[0xfed40000-0xfed44fff] (20KB) from e820 map
Jul 15 10:53:48 pop-os kernel: [    0.000000] efi: Not removing mem323: MMIO range=[0xfed80000-0xfed8ffff] (64KB) from e820 map
Jul 15 10:53:48 pop-os systemd[1]: Starting Uncomplicated firewall...
Jul 15 10:53:48 pop-os kernel: [    0.000000] efi: Not removing mem324: MMIO range=[0xfedc2000-0xfedcffff] (56KB) from e820 map
Jul 15 10:53:48 pop-os kernel: [    0.000000] efi: Not removing mem325: MMIO range=[0xfedd4000-0xfedd5fff] (8KB) from e820 map
Jul 15 10:53:48 pop-os kernel: [    0.000000] efi: Remove mem326: MMIO range=[0xff000000-0xffffffff] (16MB) from e820 map
Jul 15 10:53:48 pop-os kernel: [    0.000000] e820: remove [mem 0xff000000-0xffffffff] reserved
Jul 15 10:53:48 pop-os systemd[1]: Finished Set console font and keymap.
Jul 15 10:53:48 pop-os kernel: [    0.000000] SMBIOS 3.3.0 present.
Jul 15 10:53:48 pop-os kernel: [    0.000000] DMI: Gigabyte Technology Co., Ltd. B550 AORUS ELITE V2/B550 AORUS ELITE V2, BIOS F14 01/04/2022
Jul 15 10:53:48 pop-os systemd[1]: Finished Create final runtime dir for shutdown pivot root.
Jul 15 10:53:48 pop-os systemd[1]: Finished Uncomplicated firewall.
Jul 15 10:53:48 pop-os kernel: [    0.000000] tsc: Fast TSC calibration using PIT
Jul 15 10:53:48 pop-os kernel: [    0.000000] tsc: Detected 3792.622 MHz processor
Jul 15 10:53:48 pop-os kernel: [    0.000281] e820: update [mem 0x00000000-0x00000fff] usable ==> reserved
Jul 15 10:53:48 pop-os kernel: [    0.000282] e820: remove [mem 0x000a0000-0x000fffff] usable
Jul 15 10:53:48 pop-os kernel: [    0.000288] last_pfn = 0x83f380 max_arch_pfn = 0x400000000
Jul 15 10:53:48 pop-os systemd[1]: Reached target Preparation for Network.
Jul 15 10:53:48 pop-os kernel: [    0.000294] total RAM covered: 3071M
Jul 15 10:53:48 pop-os kernel: [    0.000386] Found optimal setting for mtrr clean up
Jul 15 10:53:48 pop-os kernel: [    0.000386]  gran_size: 64K 	chunk_size: 64M 	num_reg: 3  	lose cover RAM: 0G
Jul 15 10:53:48 pop-os apparmor.systemd[702]: Skipping profile in /etc/apparmor.d/disable: usr.sbin.rsyslogd
Jul 15 10:53:48 pop-os kernel: [    0.000388] x86/PAT: Configuration [0-7]: WB  WC  UC- UC  WB  WP  UC- WT  
Jul 15 10:53:48 pop-os kernel: [    0.001583] e820: update [mem 0xbcbe0000-0xbcbeffff] usable ==> reserved
Jul 15 10:53:48 pop-os kernel: [    0.001587] e820: update [mem 0xc0000000-0xffffffff] usable ==> reserved
Jul 15 10:53:48 pop-os kernel: [    0.001590] last_pfn = 0xbf000 max_arch_pfn = 0x400000000
Jul 15 10:53:48 pop-os systemd[1]: Finished Create Volatile Files and Directories.
Jul 15 10:53:48 pop-os kernel: [    0.004125] esrt: Reserving ESRT space from 0x00000000b812ad98 to 0x00000000b812add0.
Jul 15 10:53:48 pop-os kernel: [    0.004131] e820: update [mem 0xb812a000-0xb812afff] usable ==> reserved
Jul 15 10:53:48 pop-os kernel: [    0.004164] Using GB pages for direct mapping
Jul 15 10:53:48 pop-os systemd[1]: Starting Network Name Resolution...
Jul 15 10:53:48 pop-os kernel: [    0.004316] Secure boot disabled
Jul 15 10:53:48 pop-os kernel: [    0.004317] RAMDISK: [mem 0x786a4000-0x7fffffff]
Jul 15 10:53:48 pop-os kernel: [    0.004321] ACPI: Early table checksum verification disabled
Jul 15 10:53:48 pop-os kernel: [    0.004323] ACPI: RSDP 0x00000000BD141014 000024 (v02 ALASKA)
Jul 15 10:53:48 pop-os systemd[1]: Starting Record System Boot/Shutdown in UTMP...
Jul 15 10:53:48 pop-os kernel: [    0.004326] ACPI: XSDT 0x00000000BD140728 0000E4 (v01 ALASKA A M I    01072009 AMI  01000013)
Jul 15 10:53:48 pop-os systemd[1]: Finished Tell Plymouth To Write Out Runtime Data.
Jul 15 10:53:48 pop-os kernel: [    0.004329] ACPI: FACP 0x00000000BCA57000 000114 (v06 ALASKA A M I    01072009 AMI  00010013)
Jul 15 10:53:48 pop-os kernel: [    0.004332] ACPI: DSDT 0x00000000BCA32000 0067A7 (v02 ALASKA A M I    01072009 INTL 20190509)
Jul 15 10:53:48 pop-os kernel: [    0.004334] ACPI: FACS 0x00000000BD13B000 000040
Jul 15 10:53:48 pop-os kernel: [    0.004336] ACPI: SSDT 0x00000000BCA66000 00AB1E (v02 GBT    GSWApp   00000001 INTL 20190509)
Jul 15 10:53:48 pop-os systemd[1]: Received SIGRTMIN+20 from PID 370 (plymouthd).
Jul 15 10:53:48 pop-os kernel: [    0.004338] ACPI: SSDT 0x00000000BCA5D000 008CFC (v02 AMD    AmdTable 00000002 MSFT 02000002)
Jul 15 10:53:48 pop-os kernel: [    0.004339] ACPI: SSDT 0x00000000BCA59000 003D06 (v01 AMD    AMD AOD  00000001 INTL 20190509)
Jul 15 10:53:48 pop-os systemd[1]: Listening on Load/Save RF Kill Switch Status /dev/rfkill Watch.
Jul 15 10:53:48 pop-os kernel: [    0.004341] ACPI: SSDT 0x00000000BCA58000 000221 (v02 ALASKA CPUSSDT  01072009 AMI  01072009)
Jul 15 10:53:48 pop-os kernel: [    0.004342] ACPI: FIDT 0x00000000BCA50000 00009C (v01 ALASKA A M I    01072009 AMI  00010013)
Jul 15 10:53:48 pop-os kernel: [    0.004344] ACPI: MCFG 0x00000000BCA4F000 00003C (v01 ALASKA A M I    01072009 MSFT 00010013)
Jul 15 10:53:48 pop-os systemd[1]: Finished Record System Boot/Shutdown in UTMP.
Jul 15 10:53:48 pop-os kernel: [    0.004345] ACPI: HPET 0x00000000BCA4E000 000038 (v01 ALASKA A M I    01072009 AMI  00000005)
Jul 15 10:53:48 pop-os kernel: [    0.004347] ACPI: IVRS 0x00000000BCA4D000 0000D0 (v02 AMD    AmdTable 00000001 AMD  00000001)
Jul 15 10:53:48 pop-os kernel: [    0.004348] ACPI: BGRT 0x00000000BCA4C000 000038 (v01 ALASKA A M I    01072009 AMI  00010013)
Jul 15 10:53:48 pop-os kernel: [    0.004350] ACPI: TPM2 0x00000000BCA4B000 00004C (v04 ALASKA A M I    00000001 AMI  00000000)
Jul 15 10:53:48 pop-os systemd[1]: Finished Load AppArmor profiles.
Jul 15 10:53:48 pop-os kernel: [    0.004351] ACPI: PCCT 0x00000000BCA4A000 00006E (v02 AMD    AmdTable 00000001 AMD  00000001)
Jul 15 10:53:48 pop-os kernel: [    0.004353] ACPI: SSDT 0x00000000BCA45000 004133 (v02 AMD    AmdTable 00000001 AMD  00000001)
Jul 15 10:53:48 pop-os kernel: [    0.004354] ACPI: CRAT 0x00000000BCA44000 000E98 (v01 AMD    AmdTable 00000001 AMD  00000001)
Jul 15 10:53:48 pop-os kernel: [    0.004356] ACPI: CDIT 0x00000000BCA43000 000029 (v01 AMD    AmdTable 00000001 AMD  00000001)
Jul 15 10:53:48 pop-os kernel: [    0.004358] ACPI: SSDT 0x00000000BCA42000 00068E (v01 AMD    ArticDGP 00000001 INTL 20190509)
Jul 15 10:53:48 pop-os systemd[1]: Starting Raise network interfaces...
Jul 15 10:53:48 pop-os kernel: [    0.004359] ACPI: SSDT 0x00000000BCA40000 00150D (v01 AMD    ArticTPX 00000001 INTL 20190509)
Jul 15 10:53:48 pop-os systemd[1]: Found device SanDisk_SDSSDH32000G DataDisk.
Jul 15 10:53:48 pop-os kernel: [    0.004361] ACPI: SSDT 0x00000000BCA3F000 000788 (v01 AMD    ArticNOI 00000001 INTL 20190509)
Jul 15 10:53:48 pop-os kernel: [    0.004362] ACPI: SSDT 0x00000000BCA3B000 0039F7 (v01 AMD    ArticN   00000001 INTL 20190509)
Jul 15 10:53:48 pop-os kernel: [    0.004364] ACPI: WSMT 0x00000000BCA3A000 000028 (v01 ALASKA A M I    01072009 AMI  00010013)
Jul 15 10:53:48 pop-os kernel: [    0.004365] ACPI: APIC 0x00000000BCA39000 00015E (v03 ALASKA A M I    01072009 AMI  00010013)
Jul 15 10:53:48 pop-os systemd[1]: Mounting /home/matthew/DataDisk...
Jul 15 10:53:48 pop-os kernel: [    0.004367] ACPI: SSDT 0x00000000BCA55000 00147F (v01 AMD    ArticC   00000001 INTL 20190509)
Jul 15 10:53:48 pop-os kernel: [    0.004368] ACPI: SSDT 0x00000000BCA54000 0000BF (v01 AMD    AmdTable 00001000 INTL 20190509)
Jul 15 10:53:48 pop-os systemd[1]: Starting Load/Save RF Kill Switch Status...
Jul 15 10:53:48 pop-os kernel: [    0.004370] ACPI: FPDT 0x00000000BCA53000 000044 (v01 ALASKA A M I    01072009 AMI  01000013)
Jul 15 10:53:48 pop-os kernel: [    0.004371] ACPI: Reserving FACP table memory at [mem 0xbca57000-0xbca57113]
Jul 15 10:53:48 pop-os kernel: [    0.004372] ACPI: Reserving DSDT table memory at [mem 0xbca32000-0xbca387a6]
Jul 15 10:53:48 pop-os kernel: [    0.004372] ACPI: Reserving FACS table memory at [mem 0xbd13b000-0xbd13b03f]
Jul 15 10:53:48 pop-os systemd[1]: Started Load/Save RF Kill Switch Status.
Jul 15 10:53:48 pop-os kernel: [    0.004373] ACPI: Reserving SSDT table memory at [mem 0xbca66000-0xbca70b1d]
Jul 15 10:53:48 pop-os kernel: [    0.004373] ACPI: Reserving SSDT table memory at [mem 0xbca5d000-0xbca65cfb]
Jul 15 10:53:48 pop-os kernel: [    0.004373] ACPI: Reserving SSDT table memory at [mem 0xbca59000-0xbca5cd05]
Jul 15 10:53:48 pop-os systemd[1]: Condition check resulted in Dispatch Password Requests to Console Directory Watch being skipped.
Jul 15 10:53:48 pop-os kernel: [    0.004374] ACPI: Reserving SSDT table memory at [mem 0xbca58000-0xbca58220]
Jul 15 10:53:48 pop-os kernel: [    0.004374] ACPI: Reserving FIDT table memory at [mem 0xbca50000-0xbca5009b]
Jul 15 10:53:48 pop-os kernel: [    0.004375] ACPI: Reserving MCFG table memory at [mem 0xbca4f000-0xbca4f03b]
Jul 15 10:53:48 pop-os kernel: [    0.004375] ACPI: Reserving HPET table memory at [mem 0xbca4e000-0xbca4e037]
Jul 15 10:53:48 pop-os systemd[1]: Starting Load Kernel Module chromeos_pstore...
Jul 15 10:53:48 pop-os kernel: [    0.004376] ACPI: Reserving IVRS table memory at [mem 0xbca4d000-0xbca4d0cf]
Jul 15 10:53:48 pop-os kernel: [    0.004376] ACPI: Reserving BGRT table memory at [mem 0xbca4c000-0xbca4c037]
Jul 15 10:53:48 pop-os systemd[1]: Starting Load Kernel Module efi_pstore...
Jul 15 10:53:48 pop-os kernel: [    0.004376] ACPI: Reserving TPM2 table memory at [mem 0xbca4b000-0xbca4b04b]
Jul 15 10:53:48 pop-os kernel: [    0.004377] ACPI: Reserving PCCT table memory at [mem 0xbca4a000-0xbca4a06d]
Jul 15 10:53:48 pop-os kernel: [    0.004377] ACPI: Reserving SSDT table memory at [mem 0xbca45000-0xbca49132]
Jul 15 10:53:48 pop-os systemd[1]: Starting Load Kernel Module pstore_blk...
Jul 15 10:53:48 pop-os kernel: [    0.004378] ACPI: Reserving CRAT table memory at [mem 0xbca44000-0xbca44e97]
Jul 15 10:53:48 pop-os kernel: [    0.004378] ACPI: Reserving CDIT table memory at [mem 0xbca43000-0xbca43028]
Jul 15 10:53:48 pop-os kernel: [    0.004379] ACPI: Reserving SSDT table memory at [mem 0xbca42000-0xbca4268d]
Jul 15 10:53:48 pop-os systemd[1]: Starting Load Kernel Module pstore_zone...
Jul 15 10:53:48 pop-os kernel: [    0.004379] ACPI: Reserving SSDT table memory at [mem 0xbca40000-0xbca4150c]
Jul 15 10:53:48 pop-os kernel: [    0.004380] ACPI: Reserving SSDT table memory at [mem 0xbca3f000-0xbca3f787]
Jul 15 10:53:48 pop-os kernel: [    0.004380] ACPI: Reserving SSDT table memory at [mem 0xbca3b000-0xbca3e9f6]
Jul 15 10:53:48 pop-os kernel: [    0.004380] ACPI: Reserving WSMT table memory at [mem 0xbca3a000-0xbca3a027]
Jul 15 10:53:48 pop-os kernel: [    0.004381] ACPI: Reserving APIC table memory at [mem 0xbca39000-0xbca3915d]
Jul 15 10:53:48 pop-os systemd[1]: Starting Load Kernel Module ramoops...
Jul 15 10:53:48 pop-os kernel: [    0.004381] ACPI: Reserving SSDT table memory at [mem 0xbca55000-0xbca5647e]
Jul 15 10:53:48 pop-os kernel: [    0.004382] ACPI: Reserving SSDT table memory at [mem 0xbca54000-0xbca540be]
Jul 15 10:53:48 pop-os kernel: [    0.004382] ACPI: Reserving FPDT table memory at [mem 0xbca53000-0xbca53043]
Jul 15 10:53:48 pop-os kernel: [    0.004461] No NUMA configuration found
Jul 15 10:53:48 pop-os kernel: [    0.004462] Faking a node at [mem 0x0000000000000000-0x000000083f37ffff]
Jul 15 10:53:48 pop-os kernel: [    0.004466] NODE_DATA(0) allocated [mem 0x83f355000-0x83f37ffff]
Jul 15 10:53:48 pop-os kernel: [    0.004558] Zone ranges:
Jul 15 10:53:48 pop-os kernel: [    0.004558]   DMA      [mem 0x0000000000001000-0x0000000000ffffff]
Jul 15 10:53:48 pop-os systemd[1]: Condition check resulted in Set Up Additional Binary Formats being skipped.
Jul 15 10:53:48 pop-os systemd[1]: Condition check resulted in Store a System Token in an EFI Variable being skipped.
Jul 15 10:53:48 pop-os systemd[1]: Condition check resulted in Commit a transient machine-id on disk being skipped.
Jul 15 10:53:48 pop-os systemd[1]: modprobe@efi_pstore.service: Deactivated successfully.
Jul 15 10:53:48 pop-os systemd[1]: Finished Load Kernel Module efi_pstore.
Jul 15 10:53:48 pop-os systemd[1]: modprobe@pstore_blk.service: Deactivated successfully.
Jul 15 10:53:48 pop-os systemd[1]: Finished Load Kernel Module pstore_blk.
Jul 15 10:53:48 pop-os systemd[1]: modprobe@pstore_zone.service: Deactivated successfully.
Jul 15 10:53:48 pop-os systemd[1]: Finished Load Kernel Module pstore_zone.
Jul 15 10:53:48 pop-os systemd[1]: modprobe@ramoops.service: Deactivated successfully.
Jul 15 10:53:48 pop-os systemd[1]: Finished Load Kernel Module ramoops.
Jul 15 10:53:48 pop-os ifup[773]: /etc/network/if-up.d/resolved: 12: mystatedir: not found
Jul 15 10:53:48 pop-os systemd[1]: Finished Raise network interfaces.
Jul 15 10:53:48 pop-os systemd-resolved[705]: Positive Trust Anchors:
Jul 15 10:53:48 pop-os kernel: [    0.004559]   DMA32    [mem 0x0000000001000000-0x00000000ffffffff]
Jul 15 10:53:48 pop-os kernel: [    0.004560]   Normal   [mem 0x0000000100000000-0x000000083f37ffff]
Jul 15 10:53:48 pop-os kernel: [    0.004561]   Device   empty
Jul 15 10:53:48 pop-os kernel: [    0.004561] Movable zone start for each node
Jul 15 10:53:48 pop-os kernel: [    0.004562] Early memory node ranges
Jul 15 10:53:48 pop-os systemd-resolved[705]: . IN DS 20326 8 2 e06d44b80b8f1d39a95c0b0d7c65d08458e880409bbc683457104237c7f8ec8d
Jul 15 10:53:48 pop-os kernel: [    0.004562]   node   0: [mem 0x0000000000001000-0x000000000009ffff]
Jul 15 10:53:48 pop-os kernel: [    0.004563]   node   0: [mem 0x0000000000100000-0x0000000009c3efff]
Jul 15 10:53:48 pop-os kernel: [    0.004564]   node   0: [mem 0x000000000a000000-0x000000000a1fffff]
Jul 15 10:53:48 pop-os systemd-resolved[705]: Negative trust anchors: home.arpa 10.in-addr.arpa 16.172.in-addr.arpa 17.172.in-addr.arpa 18.172.in-addr.arpa 19.172.in-addr.arpa 20.172.in-addr.arpa 21.172.in-addr.arpa 22.172.in-addr.arpa 23.172.in-addr.arpa 24.172.in-addr.arpa 25.172.in-addr.arpa 26.172.in-addr.arpa 27.172.in-addr.arpa 28.172.in-addr.arpa 29.172.in-addr.arpa 30.172.in-addr.arpa 31.172.in-addr.arpa 168.192.in-addr.arpa d.f.ip6.arpa corp home internal intranet lan local private test
Jul 15 10:53:48 pop-os kernel: [    0.004564]   node   0: [mem 0x000000000a20e000-0x000000000affffff]
Jul 15 10:53:48 pop-os kernel: [    0.004565]   node   0: [mem 0x000000000b020000-0x00000000b9eb7fff]
Jul 15 10:53:48 pop-os kernel: [    0.004565]   node   0: [mem 0x00000000bddff000-0x00000000beffffff]
Jul 15 10:53:48 pop-os kernel: [    0.004566]   node   0: [mem 0x0000000100000000-0x000000083f37ffff]
Jul 15 10:53:48 pop-os systemd-resolved[705]: Using system hostname 'pop-os'.
Jul 15 10:53:48 pop-os kernel: [    0.004568] Initmem setup node 0 [mem 0x0000000000001000-0x000000083f37ffff]
Jul 15 10:53:48 pop-os systemd[1]: Started Network Name Resolution.
Jul 15 10:53:48 pop-os kernel: [    0.004570] On node 0, zone DMA: 1 pages in unavailable ranges
Jul 15 10:53:48 pop-os kernel: [    0.004579] On node 0, zone DMA: 96 pages in unavailable ranges
Jul 15 10:53:48 pop-os kernel: [    0.004649] On node 0, zone DMA32: 961 pages in unavailable ranges
Jul 15 10:53:48 pop-os systemd[1]: Reached target Host and Network Name Lookups.
Jul 15 10:53:48 pop-os kernel: [    0.004657] On node 0, zone DMA32: 14 pages in unavailable ranges
Jul 15 10:53:48 pop-os kernel: [    0.006393] On node 0, zone DMA32: 32 pages in unavailable ranges
Jul 15 10:53:48 pop-os kernel: [    0.006474] On node 0, zone DMA32: 16199 pages in unavailable ranges
Jul 15 10:53:48 pop-os systemd[1]: Mounted /home/matthew/DataDisk.
Jul 15 10:53:48 pop-os systemd-makefs[793]: Setting up swapspace version 1, size = 4 GiB (4294434816 bytes)
Jul 15 10:53:48 pop-os kernel: [    0.033086] On node 0, zone Normal: 4096 pages in unavailable ranges
Jul 15 10:53:48 pop-os kernel: [    0.033101] On node 0, zone Normal: 3200 pages in unavailable ranges
Jul 15 10:53:48 pop-os kernel: [    0.033429] ACPI: PM-Timer IO Port: 0x808
Jul 15 10:53:48 pop-os kernel: [    0.033435] ACPI: LAPIC_NMI (acpi_id[0xff] high edge lint[0x1])
Jul 15 10:53:48 pop-os kernel: [    0.033444] IOAPIC[0]: apic_id 17, version 33, address 0xfec00000, GSI 0-23
Jul 15 10:53:48 pop-os systemd-makefs[793]: LABEL=cryptswap, UUID=542e7cc6-beaa-495c-8d74-32ba13b14b65
Jul 15 10:53:48 pop-os kernel: [    0.033448] IOAPIC[1]: apic_id 18, version 33, address 0xfec01000, GSI 24-55
Jul 15 10:53:48 pop-os kernel: [    0.033449] ACPI: INT_SRC_OVR (bus 0 bus_irq 0 global_irq 2 dfl dfl)
Jul 15 10:53:48 pop-os systemd[1]: Finished Cryptography Setup for cryptswap.
Jul 15 10:53:48 pop-os kernel: [    0.033451] ACPI: INT_SRC_OVR (bus 0 bus_irq 9 global_irq 9 low level)
Jul 15 10:53:48 pop-os kernel: [    0.033453] ACPI: Using ACPI (MADT) for SMP configuration information
Jul 15 10:53:48 pop-os kernel: [    0.033453] ACPI: HPET id: 0x10228201 base: 0xfed00000
Jul 15 10:53:48 pop-os kernel: [    0.033461] e820: update [mem 0xb519f000-0xb51f5fff] usable ==> reserved
Jul 15 10:53:48 pop-os systemd[1]: Reached target Block Device Preparation for /dev/mapper/cryptswap.
Jul 15 10:53:48 pop-os kernel: [    0.033471] smpboot: Allowing 16 CPUs, 0 hotplug CPUs
Jul 15 10:53:48 pop-os kernel: [    0.033488] PM: hibernation: Registered nosave memory: [mem 0x00000000-0x00000fff]
Jul 15 10:53:48 pop-os kernel: [    0.033489] PM: hibernation: Registered nosave memory: [mem 0x000a0000-0x000fffff]
Jul 15 10:53:48 pop-os systemd[1]: Reached target Local Encrypted Volumes.
Jul 15 10:53:48 pop-os kernel: [    0.033490] PM: hibernation: Registered nosave memory: [mem 0x09c3f000-0x09ffffff]
Jul 15 10:53:48 pop-os kernel: [    0.033491] PM: hibernation: Registered nosave memory: [mem 0x0a200000-0x0a20dfff]
Jul 15 10:53:48 pop-os kernel: [    0.033492] PM: hibernation: Registered nosave memory: [mem 0x0b000000-0x0b01ffff]
Jul 15 10:53:48 pop-os kernel: [    0.033493] PM: hibernation: Registered nosave memory: [mem 0xb4497000-0xb4497fff]
Jul 15 10:53:48 pop-os kernel: [    0.033494] PM: hibernation: Registered nosave memory: [mem 0xb44b4000-0xb44b4fff]
Jul 15 10:53:48 pop-os kernel: [    0.033494] PM: hibernation: Registered nosave memory: [mem 0xb44b5000-0xb44b5fff]
Jul 15 10:53:48 pop-os systemd[1]: Found device /dev/mapper/cryptswap.
Jul 15 10:53:48 pop-os systemd[1]: Activating swap /dev/mapper/cryptswap...
Jul 15 10:53:48 pop-os kernel: [    0.033495] PM: hibernation: Registered nosave memory: [mem 0xb44c2000-0xb44c2fff]
Jul 15 10:53:48 pop-os kernel: [    0.033496] PM: hibernation: Registered nosave memory: [mem 0xb44fe000-0xb44fefff]
Jul 15 10:53:48 pop-os kernel: [    0.033497] PM: hibernation: Registered nosave memory: [mem 0xb450b000-0xb450bfff]
Jul 15 10:53:48 pop-os kernel: [    0.033498] PM: hibernation: Registered nosave memory: [mem 0xb519f000-0xb51f5fff]
Jul 15 10:53:48 pop-os kernel: [    0.033499] PM: hibernation: Registered nosave memory: [mem 0xb812a000-0xb812afff]
Jul 15 10:53:48 pop-os systemd[1]: Activated swap /dev/mapper/cryptswap.
Jul 15 10:53:48 pop-os kernel: [    0.033500] PM: hibernation: Registered nosave memory: [mem 0xb9eb8000-0xbca24fff]
Jul 15 10:53:48 pop-os systemd[1]: Reached target Swaps.
Jul 15 10:53:48 pop-os kernel: [    0.033500] PM: hibernation: Registered nosave memory: [mem 0xbca25000-0xbca70fff]
Jul 15 10:53:48 pop-os kernel: [    0.033500] PM: hibernation: Registered nosave memory: [mem 0xbca71000-0xbd157fff]
Jul 15 10:53:48 pop-os kernel: [    0.033501] PM: hibernation: Registered nosave memory: [mem 0xbd158000-0xbddfefff]
Jul 15 10:53:48 pop-os kernel: [    0.033502] PM: hibernation: Registered nosave memory: [mem 0xbf000000-0xbfffffff]
Jul 15 10:53:48 pop-os kernel: [    0.033502] PM: hibernation: Registered nosave memory: [mem 0xc0000000-0xfe9fffff]
Jul 15 10:53:48 pop-os systemd[1]: Condition check resulted in Dispatch Password Requests to Console Directory Watch being skipped.
Jul 15 10:53:48 pop-os kernel: [    0.033502] PM: hibernation: Registered nosave memory: [mem 0xfea00000-0xfea0ffff]
Jul 15 10:53:48 pop-os systemd[1]: Starting Load Kernel Module efi_pstore...
Jul 15 10:53:48 pop-os kernel: [    0.033503] PM: hibernation: Registered nosave memory: [mem 0xfea10000-0xfec0ffff]
Jul 15 10:53:48 pop-os kernel: [    0.033503] PM: hibernation: Registered nosave memory: [mem 0xfec10000-0xfec10fff]
Jul 15 10:53:48 pop-os kernel: [    0.033503] PM: hibernation: Registered nosave memory: [mem 0xfec11000-0xfec2ffff]
Jul 15 10:53:48 pop-os kernel: [    0.033504] PM: hibernation: Registered nosave memory: [mem 0xfec30000-0xfec30fff]
Jul 15 10:53:48 pop-os kernel: [    0.033504] PM: hibernation: Registered nosave memory: [mem 0xfec31000-0xfecfffff]
Jul 15 10:53:48 pop-os kernel: [    0.033504] PM: hibernation: Registered nosave memory: [mem 0xfed00000-0xfed00fff]
Jul 15 10:53:48 pop-os systemd[1]: Starting Load Kernel Module pstore_blk...
Jul 15 10:53:48 pop-os kernel: [    0.033505] PM: hibernation: Registered nosave memory: [mem 0xfed01000-0xfed3ffff]
Jul 15 10:53:48 pop-os systemd[1]: Starting Load Kernel Module pstore_zone...
Jul 15 10:53:48 pop-os kernel: [    0.033505] PM: hibernation: Registered nosave memory: [mem 0xfed40000-0xfed44fff]
Jul 15 10:53:48 pop-os kernel: [    0.033505] PM: hibernation: Registered nosave memory: [mem 0xfed45000-0xfed7ffff]
Jul 15 10:53:48 pop-os kernel: [    0.033506] PM: hibernation: Registered nosave memory: [mem 0xfed80000-0xfed8ffff]
Jul 15 10:53:48 pop-os kernel: [    0.033506] PM: hibernation: Registered nosave memory: [mem 0xfed90000-0xfedc1fff]
Jul 15 10:53:48 pop-os systemd[1]: Starting Load Kernel Module ramoops...
Jul 15 10:53:48 pop-os kernel: [    0.033507] PM: hibernation: Registered nosave memory: [mem 0xfedc2000-0xfedcffff]
Jul 15 10:53:48 pop-os kernel: [    0.033507] PM: hibernation: Registered nosave memory: [mem 0xfedd0000-0xfedd3fff]
Jul 15 10:53:48 pop-os systemd[1]: Condition check resulted in Set Up Additional Binary Formats being skipped.
Jul 15 10:53:48 pop-os kernel: [    0.033507] PM: hibernation: Registered nosave memory: [mem 0xfedd4000-0xfedd5fff]
Jul 15 10:53:48 pop-os kernel: [    0.033508] PM: hibernation: Registered nosave memory: [mem 0xfedd6000-0xffffffff]
Jul 15 10:53:48 pop-os systemd[1]: Condition check resulted in Store a System Token in an EFI Variable being skipped.
Jul 15 10:53:48 pop-os kernel: [    0.033509] [mem 0xc0000000-0xfe9fffff] available for PCI devices
Jul 15 10:53:48 pop-os kernel: [    0.033509] Booting paravirtualized kernel on bare hardware
Jul 15 10:53:48 pop-os kernel: [    0.033511] clocksource: refined-jiffies: mask: 0xffffffff max_cycles: 0xffffffff, max_idle_ns: 7645519600211568 ns
Jul 15 10:53:48 pop-os kernel: [    0.033516] setup_percpu: NR_CPUS:8192 nr_cpumask_bits:16 nr_cpu_ids:16 nr_node_ids:1
Jul 15 10:53:48 pop-os kernel: [    0.033928] percpu: Embedded 61 pages/cpu s212992 r8192 d28672 u262144
Jul 15 10:53:48 pop-os kernel: [    0.033933] pcpu-alloc: s212992 r8192 d28672 u262144 alloc=1*2097152
Jul 15 10:53:48 pop-os kernel: [    0.033934] pcpu-alloc: [0] 00 01 02 03 04 05 06 07 [0] 08 09 10 11 12 13 14 15 
Jul 15 10:53:48 pop-os kernel: [    0.033957] Fallback order for Node 0: 0 
Jul 15 10:53:48 pop-os kernel: [    0.033960] Built 1 zonelists, mobility grouping on.  Total pages: 8233160
Jul 15 10:53:48 pop-os systemd[1]: Condition check resulted in Commit a transient machine-id on disk being skipped.
Jul 15 10:53:48 pop-os kernel: [    0.033961] Policy zone: Normal
Jul 15 10:53:48 pop-os systemd[1]: modprobe@efi_pstore.service: Deactivated successfully.
Jul 15 10:53:48 pop-os kernel: [    0.033961] Kernel command line: initrd=\EFI\Pop_OS-7cbe14fc-34d1-4a83-8b9a-4019b41e08d4\initrd.img root=UUID=7cbe14fc-34d1-4a83-8b9a-4019b41e08d4 ro quiet loglevel=0 systemd.show_status=false splash
Jul 15 10:53:48 pop-os kernel: [    0.034013] Unknown kernel command line parameters "splash", will be passed to user space.
Jul 15 10:53:48 pop-os kernel: [    0.035805] Dentry cache hash table entries: 4194304 (order: 13, 33554432 bytes, linear)
Jul 15 10:53:48 pop-os kernel: [    0.036698] Inode-cache hash table entries: 2097152 (order: 12, 16777216 bytes, linear)
Jul 15 10:53:48 pop-os systemd[1]: Finished Load Kernel Module efi_pstore.
Jul 15 10:53:48 pop-os kernel: [    0.036768] mem auto-init: stack:all(zero), heap alloc:on, heap free:off
Jul 15 10:53:48 pop-os kernel: [    0.036793] software IO TLB: area num 16.
Jul 15 10:53:48 pop-os kernel: [    0.078089] Memory: 32516244K/33456036K available (20480K kernel code, 4174K rwdata, 12696K rodata, 4656K init, 17624K bss, 939532K reserved, 0K cma-reserved)
Jul 15 10:53:48 pop-os systemd[1]: modprobe@pstore_blk.service: Deactivated successfully.
Jul 15 10:53:48 pop-os systemd[1]: Finished Load Kernel Module pstore_blk.
Jul 15 10:53:48 pop-os kernel: [    0.078156] SLUB: HWalign=64, Order=0-3, MinObjects=0, CPUs=16, Nodes=1
Jul 15 10:53:48 pop-os kernel: [    0.078172] ftrace: allocating 53317 entries in 209 pages
Jul 15 10:53:48 pop-os kernel: [    0.085954] ftrace: allocated 209 pages with 4 groups
Jul 15 10:53:48 pop-os kernel: [    0.086522] Dynamic Preempt: voluntary
Jul 15 10:53:48 pop-os kernel: [    0.086546] rcu: Preemptible hierarchical RCU implementation.
Jul 15 10:53:48 pop-os kernel: [    0.086546] rcu: 	RCU restricting CPUs from NR_CPUS=8192 to nr_cpu_ids=16.
Jul 15 10:53:48 pop-os systemd[1]: modprobe@pstore_zone.service: Deactivated successfully.
Jul 15 10:53:48 pop-os systemd[1]: Finished Load Kernel Module pstore_zone.
Jul 15 10:53:48 pop-os kernel: [    0.086547] 	Trampoline variant of Tasks RCU enabled.
Jul 15 10:53:48 pop-os kernel: [    0.086547] 	Rude variant of Tasks RCU enabled.
Jul 15 10:53:48 pop-os kernel: [    0.086548] 	Tracing variant of Tasks RCU enabled.
Jul 15 10:53:48 pop-os kernel: [    0.086548] rcu: RCU calculated value of scheduler-enlistment delay is 25 jiffies.
Jul 15 10:53:48 pop-os kernel: [    0.086549] rcu: Adjusting geometry for rcu_fanout_leaf=16, nr_cpu_ids=16
Jul 15 10:53:48 pop-os kernel: [    0.087984] NR_IRQS: 524544, nr_irqs: 1096, preallocated irqs: 16
Jul 15 10:53:48 pop-os systemd[1]: modprobe@ramoops.service: Deactivated successfully.
Jul 15 10:53:48 pop-os systemd[1]: Finished Load Kernel Module ramoops.
Jul 15 10:53:48 pop-os kernel: [    0.088143] rcu: srcu_init: Setting srcu_struct sizes based on contention.
Jul 15 10:53:48 pop-os kernel: [    0.088196] Console: colour dummy device 80x25
Jul 15 10:53:48 pop-os kernel: [    0.088198] printk: console [tty0] enabled
Jul 15 10:53:48 pop-os kernel: [    0.088224] ACPI: Core revision 20221020
Jul 15 10:53:48 pop-os kernel: [    0.088359] clocksource: hpet: mask: 0xffffffff max_cycles: 0xffffffff, max_idle_ns: 133484873504 ns
Jul 15 10:53:48 pop-os kernel: [    0.088373] APIC: Switch to symmetric I/O mode setup
Jul 15 10:53:48 pop-os systemd[1]: Condition check resulted in Dispatch Password Requests to Console Directory Watch being skipped.
Jul 15 10:53:48 pop-os kernel: [    0.089021] AMD-Vi: Using global IVHD EFR:0x0, EFR2:0x0
Jul 15 10:53:48 pop-os systemd[1]: Starting Load Kernel Module efi_pstore...
Jul 15 10:53:48 pop-os systemd[1]: Starting Load Kernel Module pstore_blk...
Jul 15 10:53:48 pop-os systemd[1]: Starting Load Kernel Module pstore_zone...
Jul 15 10:53:48 pop-os systemd[1]: Starting Load Kernel Module ramoops...
Jul 15 10:53:48 pop-os systemd[1]: Condition check resulted in Set Up Additional Binary Formats being skipped.
Jul 15 10:53:48 pop-os systemd[1]: Condition check resulted in Store a System Token in an EFI Variable being skipped.
Jul 15 10:53:48 pop-os systemd[1]: Condition check resulted in Commit a transient machine-id on disk being skipped.
Jul 15 10:53:48 pop-os systemd[1]: modprobe@efi_pstore.service: Deactivated successfully.
Jul 15 10:53:48 pop-os systemd[1]: Finished Load Kernel Module efi_pstore.
Jul 15 10:53:48 pop-os systemd[1]: modprobe@pstore_blk.service: Deactivated successfully.
Jul 15 10:53:48 pop-os systemd[1]: Finished Load Kernel Module pstore_blk.
Jul 15 10:53:48 pop-os systemd[1]: modprobe@pstore_zone.service: Deactivated successfully.
Jul 15 10:53:48 pop-os systemd[1]: Finished Load Kernel Module pstore_zone.
Jul 15 10:53:48 pop-os systemd[1]: modprobe@ramoops.service: Deactivated successfully.
Jul 15 10:53:48 pop-os systemd[1]: Finished Load Kernel Module ramoops.
Jul 15 10:53:48 pop-os kernel: [    0.255364] x2apic: IRQ remapping doesn't support X2APIC mode
Jul 15 10:53:48 pop-os kernel: [    0.255379] Switched APIC routing to physical flat.
Jul 15 10:53:48 pop-os systemd[1]: modprobe@chromeos_pstore.service: Deactivated successfully.
Jul 15 10:53:48 pop-os kernel: [    0.255873] ..TIMER: vector=0x30 apic1=0 pin1=2 apic2=-1 pin2=-1
Jul 15 10:53:48 pop-os kernel: [    0.272383] clocksource: tsc-early: mask: 0xffffffffffffffff max_cycles: 0x6d563ce4234, max_idle_ns: 881590831923 ns
Jul 15 10:53:48 pop-os kernel: [    0.272387] Calibrating delay loop (skipped), value calculated using timer frequency.. 7585.24 BogoMIPS (lpj=15170488)
Jul 15 10:53:48 pop-os kernel: [    0.272389] pid_max: default: 32768 minimum: 301
Jul 15 10:53:48 pop-os systemd[1]: Finished Load Kernel Module chromeos_pstore.
Jul 15 10:53:48 pop-os systemd[1]: Condition check resulted in Platform Persistent Storage Archival being skipped.
Jul 15 10:53:48 pop-os systemd[1]: Reached target System Initialization.
Jul 15 10:53:48 pop-os systemd[1]: Started ACPI Events Check.
Jul 15 10:53:48 pop-os kernel: [    0.274276] LSM: initializing lsm=lockdown,capability,landlock,yama,integrity,apparmor
Jul 15 10:53:48 pop-os kernel: [    0.274283] landlock: Up and running.
Jul 15 10:53:48 pop-os kernel: [    0.274284] Yama: becoming mindful.
Jul 15 10:53:48 pop-os kernel: [    0.274298] AppArmor: AppArmor initialized
Jul 15 10:53:48 pop-os kernel: [    0.274342] Mount-cache hash table entries: 65536 (order: 7, 524288 bytes, linear)
Jul 15 10:53:48 pop-os systemd[1]: Condition check resulted in Process error reports when automatic reporting is enabled (file watch) being skipped.
Jul 15 10:53:48 pop-os kernel: [    0.274374] Mountpoint-cache hash table entries: 65536 (order: 7, 524288 bytes, linear)
Jul 15 10:53:48 pop-os kernel: [    0.274506] x86/cpu: User Mode Instruction Prevention (UMIP) activated
Jul 15 10:53:48 pop-os systemd[1]: Started CUPS Scheduler.
Jul 15 10:53:48 pop-os kernel: [    0.274540] LVT offset 1 assigned for vector 0xf9
Jul 15 10:53:48 pop-os kernel: [    0.274654] LVT offset 2 assigned for vector 0xf4
Jul 15 10:53:48 pop-os kernel: [    0.274693] process: using mwait in idle threads
Jul 15 10:53:48 pop-os kernel: [    0.274694] Last level iTLB entries: 4KB 512, 2MB 512, 4MB 256
Jul 15 10:53:48 pop-os kernel: [    0.274694] Last level dTLB entries: 4KB 2048, 2MB 2048, 4MB 1024, 1GB 0
Jul 15 10:53:48 pop-os systemd[1]: Started Start whoopsie on modification of the /var/crash directory.
Jul 15 10:53:48 pop-os kernel: [    0.274697] Spectre V1 : Mitigation: usercopy/swapgs barriers and __user pointer sanitization
Jul 15 10:53:48 pop-os kernel: [    0.274698] Spectre V2 : Mitigation: Retpolines
Jul 15 10:53:48 pop-os systemd[1]: Condition check resulted in Process error reports when automatic reporting is enabled (timer based) being skipped.
Jul 15 10:53:48 pop-os kernel: [    0.274699] Spectre V2 : Spectre v2 / SpectreRSB mitigation: Filling RSB on context switch
Jul 15 10:53:48 pop-os kernel: [    0.274699] Spectre V2 : Spectre v2 / SpectreRSB : Filling RSB on VMEXIT
Jul 15 10:53:48 pop-os kernel: [    0.274700] Spectre V2 : Enabling Restricted Speculation for firmware calls
Jul 15 10:53:48 pop-os kernel: [    0.274701] Spectre V2 : mitigation: Enabling conditional Indirect Branch Prediction Barrier
Jul 15 10:53:48 pop-os kernel: [    0.274701] Spectre V2 : User space: Mitigation: STIBP always-on protection
Jul 15 10:53:48 pop-os systemd[1]: Started Daily Cleanup of Temporary Directories.
Jul 15 10:53:48 pop-os kernel: [    0.274702] Speculative Store Bypass: Mitigation: Speculative Store Bypass disabled via prctl
Jul 15 10:53:48 pop-os systemd[1]: Condition check resulted in Ubuntu Pro Timer for running repeated jobs being skipped.
Jul 15 10:53:48 pop-os kernel: [    0.290139] Freeing SMP alternatives memory: 44K
Jul 15 10:53:48 pop-os kernel: [    0.398306] smpboot: CPU0: AMD Ryzen 7 5800X 8-Core Processor (family: 0x19, model: 0x21, stepping: 0x0)
Jul 15 10:53:48 pop-os kernel: [    0.398362] cblist_init_generic: Setting adjustable number of callback queues.
Jul 15 10:53:48 pop-os kernel: [    0.398364] cblist_init_generic: Setting shift to 4 and lim to 1.
Jul 15 10:53:48 pop-os kernel: [    0.398373] cblist_init_generic: Setting shift to 4 and lim to 1.
Jul 15 10:53:48 pop-os systemd[1]: Reached target Path Units.
Jul 15 10:53:48 pop-os kernel: [    0.398379] cblist_init_generic: Setting shift to 4 and lim to 1.
Jul 15 10:53:48 pop-os kernel: [    0.398385] Performance Events: Fam17h+ core perfctr, AMD PMU driver.
Jul 15 10:53:48 pop-os kernel: [    0.398388] ... version:                0
Jul 15 10:53:48 pop-os kernel: [    0.398388] ... bit width:              48
Jul 15 10:53:48 pop-os kernel: [    0.398389] ... generic registers:      6
Jul 15 10:53:48 pop-os kernel: [    0.398389] ... value mask:             0000ffffffffffff
Jul 15 10:53:48 pop-os systemd[1]: Listening on ACPID Listen Socket.
Jul 15 10:53:48 pop-os systemd[1]: Condition check resulted in Unix socket for apport crash forwarding being skipped.
Jul 15 10:53:48 pop-os kernel: [    0.398389] ... max period:             00007fffffffffff
Jul 15 10:53:48 pop-os kernel: [    0.398390] ... fixed-purpose events:   0
Jul 15 10:53:48 pop-os kernel: [    0.398390] ... event mask:             000000000000003f
Jul 15 10:53:48 pop-os kernel: [    0.398439] rcu: Hierarchical SRCU implementation.
Jul 15 10:53:48 pop-os systemd[1]: Listening on Avahi mDNS/DNS-SD Stack Activation Socket.
Jul 15 10:53:48 pop-os kernel: [    0.398439] rcu: 	Max phase no-delay instances is 1000.
Jul 15 10:53:48 pop-os kernel: [    0.398635] NMI watchdog: Enabled. Permanently consumes one hw-PMU counter.
Jul 15 10:53:48 pop-os kernel: [    0.398700] smp: Bringing up secondary CPUs ...
Jul 15 10:53:48 pop-os systemd[1]: Listening on CUPS Scheduler.
Jul 15 10:53:48 pop-os kernel: [    0.398745] x86: Booting SMP configuration:
Jul 15 10:53:48 pop-os kernel: [    0.398745] .... node  #0, CPUs:        #1  #2  #3  #4  #5  #6  #7  #8
Jul 15 10:53:48 pop-os kernel: [    0.414550] Spectre V2 : Update user space SMT mitigation: STIBP always-on
Jul 15 10:53:48 pop-os kernel: [    0.414550]   #9 #10 #11 #12 #13 #14 #15
Jul 15 10:53:48 pop-os systemd[1]: Listening on D-Bus System Message Bus Socket.
Jul 15 10:53:48 pop-os kernel: [    0.428402] smp: Brought up 1 node, 16 CPUs
Jul 15 10:53:48 pop-os kernel: [    0.428402] smpboot: Max logical packages: 1
Jul 15 10:53:48 pop-os systemd[1]: Listening on UUID daemon activation socket.
Jul 15 10:53:48 pop-os kernel: [    0.428402] smpboot: Total of 16 processors activated (121363.90 BogoMIPS)
Jul 15 10:53:48 pop-os kernel: [    0.429980] devtmpfs: initialized
Jul 15 10:53:48 pop-os kernel: [    0.429980] x86/mm: Memory block size: 128MB
Jul 15 10:53:48 pop-os kernel: [    0.433074] ACPI: PM: Registering ACPI NVS region [mem 0x0a200000-0x0a20dfff] (57344 bytes)
Jul 15 10:53:48 pop-os kernel: [    0.433074] ACPI: PM: Registering ACPI NVS region [mem 0xbca71000-0xbd157fff] (7237632 bytes)
Jul 15 10:53:48 pop-os kernel: [    0.433074] clocksource: jiffies: mask: 0xffffffff max_cycles: 0xffffffff, max_idle_ns: 7645041785100000 ns
Jul 15 10:53:48 pop-os systemd[1]: Reached target Socket Units.
Jul 15 10:53:48 pop-os kernel: [    0.433074] futex hash table entries: 4096 (order: 6, 262144 bytes, linear)
Jul 15 10:53:48 pop-os systemd[1]: Starting D-Bus System Message Bus...
Jul 15 10:53:48 pop-os dbus-broker-launch[816]: Looking up NSS group entry for 'power'...
Jul 15 10:53:48 pop-os kernel: [    0.433074] pinctrl core: initialized pinctrl subsystem
Jul 15 10:53:48 pop-os dbus-broker-launch[816]: NSS returned no entry for 'power'
Jul 15 10:53:48 pop-os kernel: [    0.433074] PM: RTC time: 08:53:38, date: 2023-07-15
Jul 15 10:53:48 pop-os kernel: [    0.433074] NET: Registered PF_NETLINK/PF_ROUTE protocol family
Jul 15 10:53:48 pop-os kernel: [    0.433074] DMA: preallocated 4096 KiB GFP_KERNEL pool for atomic allocations
Jul 15 10:53:48 pop-os kernel: [    0.433157] DMA: preallocated 4096 KiB GFP_KERNEL|GFP_DMA pool for atomic allocations
Jul 15 10:53:48 pop-os kernel: [    0.433282] DMA: preallocated 4096 KiB GFP_KERNEL|GFP_DMA32 pool for atomic allocations
Jul 15 10:53:48 pop-os dbus-broker-launch[816]: Invalid group-name in /etc/dbus-1/system.d/org.freedesktop.thermald.conf +19: group="power"
Jul 15 10:53:48 pop-os systemd[1]: Started D-Bus System Message Bus.
Jul 15 10:53:48 pop-os kernel: [    0.433286] audit: initializing netlink subsys (disabled)
Jul 15 10:53:48 pop-os kernel: [    0.433289] audit: type=2000 audit(1689411218.184:1): state=initialized audit_enabled=0 res=1
Jul 15 10:53:48 pop-os kernel: [    0.433289] thermal_sys: Registered thermal governor 'fair_share'
Jul 15 10:53:48 pop-os dbus-broker-launch[816]: AppArmor enabled, but not supported. Ignoring.
Jul 15 10:53:48 pop-os kernel: [    0.433289] thermal_sys: Registered thermal governor 'bang_bang'
Jul 15 10:53:48 pop-os kernel: [    0.433289] thermal_sys: Registered thermal governor 'step_wise'
Jul 15 10:53:48 pop-os kernel: [    0.433289] thermal_sys: Registered thermal governor 'user_space'
Jul 15 10:53:48 pop-os systemd[1]: Reached target Basic System.
Jul 15 10:53:48 pop-os systemd[1]: Starting Network Manager...
Jul 15 10:53:48 pop-os kernel: [    0.433289] thermal_sys: Registered thermal governor 'power_allocator'
Jul 15 10:53:48 pop-os systemd[1]: Starting Accounts Service...
Jul 15 10:53:48 pop-os kernel: [    0.433289] EISA bus registered
Jul 15 10:53:48 pop-os kernel: [    0.433289] cpuidle: using governor ladder
Jul 15 10:53:48 pop-os kernel: [    0.433289] cpuidle: using governor menu
Jul 15 10:53:48 pop-os systemd[1]: Started ACPI event daemon.
Jul 15 10:53:48 pop-os kernel: [    0.433289] Detected 1 PCC Subspaces
Jul 15 10:53:48 pop-os kernel: [    0.433289] Registering PCC driver as Mailbox controller
Jul 15 10:53:48 pop-os kernel: [    0.433289] acpiphp: ACPI Hot Plug PCI Controller Driver version: 0.5
Jul 15 10:53:48 pop-os systemd[1]: Starting LSB: automatic crash report generation...
Jul 15 10:53:48 pop-os systemd[1]: Starting Avahi mDNS/DNS-SD Stack...
Jul 15 10:53:48 pop-os kernel: [    0.433289] PCI: MMCONFIG for domain 0000 [bus 00-7f] at [mem 0xf0000000-0xf7ffffff] (base 0xf0000000)
Jul 15 10:53:48 pop-os kernel: [    0.433289] PCI: not using MMCONFIG
Jul 15 10:53:48 pop-os kernel: [    0.433289] PCI: Using configuration type 1 for base access
Jul 15 10:53:48 pop-os kernel: [    0.433289] PCI: Using configuration type 1 for extended access
Jul 15 10:53:48 pop-os kernel: [    0.433289] kprobes: kprobe jump-optimization is enabled. All kprobes are optimized if possible.
Jul 15 10:53:48 pop-os kernel: [    0.433289] HugeTLB: registered 1.00 GiB page size, pre-allocated 0 pages
Jul 15 10:53:48 pop-os kernel: [    0.433289] HugeTLB: 16380 KiB vmemmap can be freed for a 1.00 GiB page
Jul 15 10:53:48 pop-os kernel: [    0.433289] HugeTLB: registered 2.00 MiB page size, pre-allocated 0 pages
Jul 15 10:53:48 pop-os kernel: [    0.433289] HugeTLB: 28 KiB vmemmap can be freed for a 2.00 MiB page
Jul 15 10:53:48 pop-os kernel: [    0.433289] ACPI: Added _OSI(Module Device)
Jul 15 10:53:48 pop-os kernel: [    0.433289] ACPI: Added _OSI(Processor Device)
Jul 15 10:53:48 pop-os kernel: [    0.433289] ACPI: Added _OSI(3.0 _SCP Extensions)
Jul 15 10:53:48 pop-os systemd[1]: Starting Bluetooth service...
Jul 15 10:53:48 pop-os kernel: [    0.433289] ACPI: Added _OSI(Processor Aggregator Device)
Jul 15 10:53:48 pop-os kernel: [    0.442470] ACPI: 12 ACPI AML tables successfully acquired and loaded
Jul 15 10:53:48 pop-os kernel: [    0.443499] ACPI: [Firmware Bug]: BIOS _OSI(Linux) query ignored
Jul 15 10:53:48 pop-os kernel: [    0.452387] ACPI: Interpreter enabled
Jul 15 10:53:48 pop-os kernel: [    0.452387] ACPI: PM: (supports S0 S3 S4 S5)
Jul 15 10:53:48 pop-os kernel: [    0.452387] ACPI: Using IOAPIC for interrupt routing
Jul 15 10:53:48 pop-os kernel: [    0.452387] PCI: MMCONFIG for domain 0000 [bus 00-7f] at [mem 0xf0000000-0xf7ffffff] (base 0xf0000000)
Jul 15 10:53:48 pop-os systemd[1]: Starting System76 Power Daemon...
Jul 15 10:53:48 pop-os kernel: [    0.452387] PCI: MMCONFIG at [mem 0xf0000000-0xf7ffffff] reserved as ACPI motherboard resource
Jul 15 10:53:48 pop-os kernel: [    0.452387] PCI: Using host bridge windows from ACPI; if necessary, use "pci=nocrs" and report a bug
Jul 15 10:53:48 pop-os kernel: [    0.452387] PCI: Using E820 reservations for host bridge windows
Jul 15 10:53:48 pop-os kernel: [    0.452387] ACPI: Enabled 8 GPEs in block 00 to 1F
Jul 15 10:53:48 pop-os kernel: [    0.457583] ACPI: PCI Root Bridge [PCI0] (domain 0000 [bus 00-ff])
Jul 15 10:53:48 pop-os kernel: [    0.457587] acpi PNP0A08:00: _OSC: OS supports [ExtendedConfig ASPM ClockPM Segments MSI EDR HPX-Type3]
Jul 15 10:53:48 pop-os kernel: [    0.457639] acpi PNP0A08:00: _OSC: platform does not support [SHPCHotplug LTR DPC]
Jul 15 10:53:48 pop-os kernel: [    0.457730] acpi PNP0A08:00: _OSC: OS now controls [PCIeHotplug PME AER PCIeCapability]
Jul 15 10:53:48 pop-os systemd[1]: Starting Automatically configure CPU scheduler for responsiveness on AC...
Jul 15 10:53:48 pop-os kernel: [    0.457736] acpi PNP0A08:00: [Firmware Info]: MMCONFIG for domain 0000 [bus 00-7f] only partially covers this bridge
Jul 15 10:53:48 pop-os kernel: [    0.457984] PCI host bridge to bus 0000:00
Jul 15 10:53:48 pop-os kernel: [    0.457985] pci_bus 0000:00: root bus resource [io  0x0000-0x03af window]
Jul 15 10:53:48 pop-os kernel: [    0.457986] pci_bus 0000:00: root bus resource [io  0x03e0-0x0cf7 window]
Jul 15 10:53:48 pop-os kernel: [    0.457987] pci_bus 0000:00: root bus resource [io  0x03b0-0x03df window]
Jul 15 10:53:48 pop-os avahi-daemon[824]: Found user 'avahi' (UID 114) and group 'avahi' (GID 121).
Jul 15 10:53:48 pop-os kernel: [    0.457987] pci_bus 0000:00: root bus resource [io  0x0d00-0xffff window]
Jul 15 10:53:48 pop-os kernel: [    0.457988] pci_bus 0000:00: root bus resource [mem 0x000a0000-0x000dffff window]
Jul 15 10:53:48 pop-os systemd[1]: Started Regular background program processing daemon.
Jul 15 10:53:48 pop-os systemd[1]: Started Save initial kernel messages after boot.
Jul 15 10:53:48 pop-os cron[835]: (CRON) INFO (pidfile fd = 3)
Jul 15 10:53:48 pop-os cron[835]: (CRON) INFO (Running u/reboot jobs)
Jul 15 10:53:48 pop-os systemd[1]: Starting Remove Stale Online ext4 Metadata Check Snapshots...
Jul 15 10:53:48 pop-os systemd[1]: Condition check resulted in getty on tty2-tty6 if dbus and logind are not available being skipped.
Jul 15 10:53:48 pop-os kernel: [    0.457989] pci_bus 0000:00: root bus resource [mem 0xc0000000-0xfec2ffff window]
Jul 15 10:53:48 pop-os kernel: [    0.457989] pci_bus 0000:00: root bus resource [mem 0xfee00000-0xffffffff window]
Jul 15 10:53:48 pop-os kernel: [    0.457990] pci_bus 0000:00: root bus resource [bus 00-ff]
Jul 15 10:53:48 pop-os systemd[1]: Reached target Login Prompts.
Jul 15 10:53:48 pop-os kernel: [    0.457999] pci 0000:00:00.0: [1022:1480] type 00 class 0x060000
Jul 15 10:53:48 pop-os kernel: [    0.458062] pci 0000:00:00.2: [1022:1481] type 00 class 0x080600
Jul 15 10:53:48 pop-os kernel: [    0.458122] pci 0000:00:01.0: [1022:1482] type 00 class 0x060000
Jul 15 10:53:48 pop-os kernel: [    0.458160] pci 0000:00:01.1: [1022:1483] type 01 class 0x060400
Jul 15 10:53:48 pop-os kernel: [    0.458218] pci 0000:00:01.1: PME# supported from D0 D3hot D3cold
Jul 15 10:53:48 pop-os kernel: [    0.458309] pci 0000:00:01.2: [1022:1483] type 01 class 0x060400
Jul 15 10:53:48 pop-os systemd[1]: Starting Detect the available GPUs and deal with any system changes...
Jul 15 10:53:48 pop-os kernel: [    0.458330] pci 0000:00:01.2: enabling Extended Tags
Jul 15 10:53:48 pop-os kernel: [    0.458367] pci 0000:00:01.2: PME# supported from D0 D3hot D3cold
Jul 15 10:53:48 pop-os kernel: [    0.458464] pci 0000:00:02.0: [1022:1482] type 00 class 0x060000
Jul 15 10:53:48 pop-os kernel: [    0.458506] pci 0000:00:03.0: [1022:1482] type 00 class 0x060000
Jul 15 10:53:48 pop-os kernel: [    0.458543] pci 0000:00:03.1: [1022:1483] type 01 class 0x060400
Jul 15 10:53:48 pop-os kernel: [    0.458600] pci 0000:00:03.1: PME# supported from D0 D3hot D3cold
Jul 15 10:53:48 pop-os kernel: [    0.458690] pci 0000:00:04.0: [1022:1482] type 00 class 0x060000
Jul 15 10:53:48 pop-os system76-power[832]: [INFO] Starting daemon
Jul 15 10:53:48 pop-os kernel: [    0.458729] pci 0000:00:05.0: [1022:1482] type 00 class 0x060000
Jul 15 10:53:48 pop-os kernel: [    0.458769] pci 0000:00:07.0: [1022:1482] type 00 class 0x060000
Jul 15 10:53:48 pop-os kernel: [    0.458804] pci 0000:00:07.1: [1022:1484] type 01 class 0x060400
Jul 15 10:53:48 pop-os kernel: [    0.458821] pci 0000:00:07.1: enabling Extended Tags
Jul 15 10:53:48 pop-os system76-power[832]: [INFO] Connecting to dbus system bus
Jul 15 10:53:48 pop-os kernel: [    0.458848] pci 0000:00:07.1: PME# supported from D0 D3hot D3cold
Jul 15 10:53:48 pop-os kernel: [    0.458915] pci 0000:00:08.0: [1022:1482] type 00 class 0x060000
Jul 15 10:53:48 pop-os kernel: [    0.458951] pci 0000:00:08.1: [1022:1484] type 01 class 0x060400
Jul 15 10:53:48 pop-os kernel: [    0.458970] pci 0000:00:08.1: enabling Extended Tags
Jul 15 10:53:48 pop-os kernel: [    0.459000] pci 0000:00:08.1: PME# supported from D0 D3hot D3cold
Jul 15 10:53:48 pop-os kernel: [    0.459090] pci 0000:00:14.0: [1022:790b] type 00 class 0x0c0500
Jul 15 10:53:48 pop-os systemd[1]: Starting Dispatcher daemon for systemd-networkd...
Jul 15 10:53:48 pop-os kernel: [    0.459172] pci 0000:00:14.3: [1022:790e] type 00 class 0x060100
Jul 15 10:53:48 pop-os kernel: [    0.459261] pci 0000:00:18.0: [1022:1440] type 00 class 0x060000
Jul 15 10:53:48 pop-os kernel: [    0.459282] pci 0000:00:18.1: [1022:1441] type 00 class 0x060000
Jul 15 10:53:48 pop-os kernel: [    0.459302] pci 0000:00:18.2: [1022:1442] type 00 class 0x060000
Jul 15 10:53:48 pop-os kernel: [    0.459322] pci 0000:00:18.3: [1022:1443] type 00 class 0x060000
Jul 15 10:53:48 pop-os system76-power[832]: [INFO] Rescanning PCI bus
Jul 15 10:53:48 pop-os kernel: [    0.459342] pci 0000:00:18.4: [1022:1444] type 00 class 0x060000
Jul 15 10:53:48 pop-os kernel: [    0.459362] pci 0000:00:18.5: [1022:1445] type 00 class 0x060000
Jul 15 10:53:48 pop-os kernel: [    0.459383] pci 0000:00:18.6: [1022:1446] type 00 class 0x060000
Jul 15 10:53:48 pop-os kernel: [    0.459403] pci 0000:00:18.7: [1022:1447] type 00 class 0x060000
Jul 15 10:53:48 pop-os kernel: [    0.459478] pci 0000:01:00.0: [1987:5018] type 00 class 0x010802
Jul 15 10:53:48 pop-os kernel: [    0.459519] pci 0000:01:00.0: reg 0x10: [mem 0xfcfa0000-0xfcfa3fff 64bit]
Jul 15 10:53:48 pop-os kernel: [    0.460193] pci 0000:00:01.1: PCI bridge to [bus 01-03]
Jul 15 10:53:48 pop-os systemd[1]: Starting Authorization Manager...
Jul 15 10:53:48 pop-os kernel: [    0.460196] pci 0000:00:01.1:   bridge window [io  0xf000-0xffff]
Jul 15 10:53:48 pop-os kernel: [    0.460198] pci 0000:00:01.1:   bridge window [mem 0xfce00000-0xfcffffff]
Jul 15 10:53:48 pop-os kernel: [    0.460243] pci 0000:04:00.0: [1022:43ee] type 00 class 0x0c0330
Jul 15 10:53:48 pop-os kernel: [    0.460259] pci 0000:04:00.0: reg 0x10: [mem 0xfcda0000-0xfcda7fff 64bit]
Jul 15 10:53:48 pop-os kernel: [    0.460295] pci 0000:04:00.0: enabling Extended Tags
Jul 15 10:53:48 pop-os kernel: [    0.460342] pci 0000:04:00.0: PME# supported from D3hot D3cold
Jul 15 10:53:48 pop-os system76-power[832]: [INFO] 0000:09:00.0: AMD graphics
Jul 15 10:53:48 pop-os kernel: [    0.460437] pci 0000:04:00.1: [1022:43eb] type 00 class 0x010601
Jul 15 10:53:48 pop-os kernel: [    0.460479] pci 0000:04:00.1: reg 0x24: [mem 0xfcd80000-0xfcd9ffff]
Jul 15 10:53:48 pop-os kernel: [    0.460486] pci 0000:04:00.1: reg 0x30: [mem 0xfcd00000-0xfcd7ffff pref]
Jul 15 10:53:48 pop-os kernel: [    0.460492] pci 0000:04:00.1: enabling Extended Tags
Jul 15 10:53:48 pop-os kernel: [    0.460528] pci 0000:04:00.1: PME# supported from D3hot D3cold
Jul 15 10:53:48 pop-os system76-power[832]: [INFO] 0000:09:00.0: Function for 0000:09:00.0
Jul 15 10:53:48 pop-os kernel: [    0.460587] pci 0000:04:00.2: [1022:43e9] type 01 class 0x060400
Jul 15 10:53:48 pop-os kernel: [    0.460626] pci 0000:04:00.2: enabling Extended Tags
Jul 15 10:53:48 pop-os kernel: [    0.460667] pci 0000:04:00.2: PME# supported from D3hot D3cold
Jul 15 10:53:48 pop-os kernel: [    0.460733] pci 0000:00:01.2: PCI bridge to [bus 04-06]
Jul 15 10:53:48 pop-os kernel: [    0.460736] pci 0000:00:01.2:   bridge window [io  0xe000-0xefff]
Jul 15 10:53:48 pop-os system76-power[832]: [INFO] 0000:09:00.1: Function for 0000:09:00.0
Jul 15 10:53:48 pop-os kernel: [    0.460738] pci 0000:00:01.2:   bridge window [mem 0xfcc00000-0xfcdfffff]
Jul 15 10:53:48 pop-os kernel: [    0.460820] pci 0000:05:08.0: [1022:43ea] type 01 class 0x060400
Jul 15 10:53:48 pop-os kernel: [    0.460862] pci 0000:05:08.0: enabling Extended Tags
Jul 15 10:53:48 pop-os kernel: [    0.460910] pci 0000:05:08.0: PME# supported from D3hot D3cold
Jul 15 10:53:48 pop-os kernel: [    0.460998] pci 0000:04:00.2: PCI bridge to [bus 05-06]
Jul 15 10:53:48 pop-os system76-power[832]: [INFO] Disabling NMI Watchdog (for kernel debugging only)
Jul 15 10:53:48 pop-os kernel: [    0.461002] pci 0000:04:00.2:   bridge window [io  0xe000-0xefff]
Jul 15 10:53:48 pop-os kernel: [    0.461004] pci 0000:04:00.2:   bridge window [mem 0xfcc00000-0xfccfffff]
Jul 15 10:53:48 pop-os kernel: [    0.461076] pci 0000:06:00.0: [10ec:8125] type 00 class 0x020000
Jul 15 10:53:48 pop-os kernel: [    0.461098] pci 0000:06:00.0: reg 0x10: [io  0xe000-0xe0ff]
Jul 15 10:53:48 pop-os kernel: [    0.461129] pci 0000:06:00.0: reg 0x18: [mem 0xfcc00000-0xfcc0ffff 64bit]
Jul 15 10:53:48 pop-os systemd[1]: Starting Auto-configure and enable zram on Pop...
Jul 15 10:53:48 pop-os kernel: [    0.461148] pci 0000:06:00.0: reg 0x20: [mem 0xfcc10000-0xfcc13fff 64bit]
Jul 15 10:53:48 pop-os kernel: [    0.461285] pci 0000:06:00.0: supports D1 D2
Jul 15 10:53:48 pop-os kernel: [    0.461285] pci 0000:06:00.0: PME# supported from D0 D1 D2 D3hot D3cold
Jul 15 10:53:48 pop-os kernel: [    0.461523] pci 0000:05:08.0: PCI bridge to [bus 06]
Jul 15 10:53:48 pop-os kernel: [    0.461527] pci 0000:05:08.0:   bridge window [io  0xe000-0xefff]
Jul 15 10:53:48 pop-os systemd[1]: Starting System Logging Service...
Jul 15 10:53:48 pop-os kernel: [    0.461530] pci 0000:05:08.0:   bridge window [mem 0xfcc00000-0xfccfffff]
Jul 15 10:53:48 pop-os kernel: [    0.461580] pci 0000:07:00.0: [1002:1478] type 01 class 0x060400
Jul 15 10:53:48 pop-os kernel: [    0.461592] pci 0000:07:00.0: reg 0x10: [mem 0xfcb00000-0xfcb03fff]
Jul 15 10:53:48 pop-os kernel: [    0.461677] pci 0000:07:00.0: PME# supported from D0 D3hot D3cold
Jul 15 10:53:48 pop-os kernel: [    0.461800] pci 0000:00:03.1: PCI bridge to [bus 07-09]
Jul 15 10:53:48 pop-os kernel: [    0.461802] pci 0000:00:03.1:   bridge window [io  0xd000-0xdfff]
Jul 15 10:53:48 pop-os systemd[1]: Condition check resulted in Secure Boot updates for DB and DBX being skipped.
Jul 15 10:53:48 pop-os kernel: [    0.461804] pci 0000:00:03.1:   bridge window [mem 0xfc900000-0xfcbfffff]
Jul 15 10:53:48 pop-os kernel: [    0.461806] pci 0000:00:03.1:   bridge window [mem 0xd0000000-0xe01fffff 64bit pref]
Jul 15 10:53:48 pop-os kernel: [    0.461849] pci 0000:08:00.0: [1002:1479] type 01 class 0x060400
Jul 15 10:53:48 pop-os kernel: [    0.461943] pci 0000:08:00.0: PME# supported from D0 D3hot D3cold
Jul 15 10:53:48 pop-os kernel: [    0.462312] pci 0000:07:00.0: PCI bridge to [bus 08-09]
Jul 15 10:53:48 pop-os systemd[1]: Starting Switcheroo Control Proxy service...
Jul 15 10:53:48 pop-os kernel: [    0.462317] pci 0000:07:00.0:   bridge window [io  0xd000-0xdfff]
Jul 15 10:53:48 pop-os kernel: [    0.462319] pci 0000:07:00.0:   bridge window [mem 0xfc900000-0xfcafffff]
Jul 15 10:53:48 pop-os kernel: [    0.462323] pci 0000:07:00.0:   bridge window [mem 0xd0000000-0xe01fffff 64bit pref]
Jul 15 10:53:48 pop-os kernel: [    0.462369] pci 0000:09:00.0: [1002:73bf] type 00 class 0x030000
Jul 15 10:53:48 pop-os kernel: [    0.462384] pci 0000:09:00.0: reg 0x10: [mem 0xd0000000-0xdfffffff 64bit pref]
Jul 15 10:53:48 pop-os system76-power[832]: [INFO] Setting automatic graphics power
Jul 15 10:53:48 pop-os kernel: [    0.462394] pci 0000:09:00.0: reg 0x18: [mem 0xe0000000-0xe01fffff 64bit pref]
Jul 15 10:53:48 pop-os kernel: [    0.462400] pci 0000:09:00.0: reg 0x20: [io  0xd000-0xd0ff]
Jul 15 10:53:48 pop-os kernel: [    0.462406] pci 0000:09:00.0: reg 0x24: [mem 0xfc900000-0xfc9fffff]
Jul 15 10:53:48 pop-os kernel: [    0.462413] pci 0000:09:00.0: reg 0x30: [mem 0xfca00000-0xfca1ffff pref]
Jul 15 10:53:48 pop-os kernel: [    0.462433] pci 0000:09:00.0: BAR 0: assigned to efifb
Jul 15 10:53:48 pop-os kernel: [    0.462438] pci 0000:09:00.0: Video device with shadowed ROM at [mem 0x000c0000-0x000dffff]
Jul 15 10:53:48 pop-os system76-power[832]: [WARN] Failed to set automatic graphics power: does not have switchable graphics
Jul 15 10:53:48 pop-os kernel: [    0.462493] pci 0000:09:00.0: PME# supported from D1 D2 D3hot D3cold
Jul 15 10:53:48 pop-os kernel: [    0.462622] pci 0000:09:00.1: [1002:ab28] type 00 class 0x040300
Jul 15 10:53:48 pop-os kernel: [    0.462633] pci 0000:09:00.1: reg 0x10: [mem 0xfca20000-0xfca23fff]
Jul 15 10:53:48 pop-os kernel: [    0.462717] pci 0000:09:00.1: PME# supported from D1 D2 D3hot D3cold
Jul 15 10:53:48 pop-os kernel: [    0.462808] pci 0000:08:00.0: PCI bridge to [bus 09]
Jul 15 10:53:48 pop-os kernel: [    0.462812] pci 0000:08:00.0:   bridge window [io  0xd000-0xdfff]
Jul 15 10:53:48 pop-os system76-power[832]: [INFO] Initializing with the balanced profile
Jul 15 10:53:48 pop-os kernel: [    0.462814] pci 0000:08:00.0:   bridge window [mem 0xfc900000-0xfcafffff]
Jul 15 10:53:48 pop-os kernel: [    0.462818] pci 0000:08:00.0:   bridge window [mem 0xd0000000-0xe01fffff 64bit pref]
Jul 15 10:53:48 pop-os kernel: [    0.462852] pci 0000:0a:00.0: [1022:148a] type 00 class 0x130000
Jul 15 10:53:48 pop-os kernel: [    0.462872] pci 0000:0a:00.0: enabling Extended Tags
Jul 15 10:53:48 pop-os system76-power[832]: setting schedutil with max 4850195
Jul 15 10:53:48 pop-os kernel: [    0.462963] pci 0000:00:07.1: PCI bridge to [bus 0a]
Jul 15 10:53:48 pop-os kernel: [    0.462999] pci 0000:0b:00.0: [1022:1485] type 00 class 0x130000
Jul 15 10:53:48 pop-os kernel: [    0.463022] pci 0000:0b:00.0: enabling Extended Tags
Jul 15 10:53:48 pop-os kernel: [    0.463116] pci 0000:0b:00.1: [1022:1486] type 00 class 0x108000
Jul 15 10:53:48 pop-os kernel: [    0.463128] pci 0000:0b:00.1: reg 0x18: [mem 0xfc700000-0xfc7fffff]
Jul 15 10:53:48 pop-os system76-power[832]: [INFO] Registering dbus name com.system76.PowerDaemon
Jul 15 10:53:48 pop-os kernel: [    0.463136] pci 0000:0b:00.1: reg 0x24: [mem 0xfc808000-0xfc809fff]
Jul 15 10:53:48 pop-os kernel: [    0.463142] pci 0000:0b:00.1: enabling Extended Tags
Jul 15 10:53:48 pop-os kernel: [    0.463220] pci 0000:0b:00.3: [1022:149c] type 00 class 0x0c0330
Jul 15 10:53:48 pop-os kernel: [    0.463229] pci 0000:0b:00.3: reg 0x10: [mem 0xfc600000-0xfc6fffff 64bit]
Jul 15 10:53:48 pop-os kernel: [    0.463250] pci 0000:0b:00.3: enabling Extended Tags
Jul 15 10:53:48 pop-os kernel: [    0.463281] pci 0000:0b:00.3: PME# supported from D0 D3hot D3cold
Jul 15 10:53:48 pop-os system76-power[832]: [INFO] Adding dbus path /com/system76/PowerDaemon with interface com.system76.PowerDaemon
Jul 15 10:53:48 pop-os kernel: [    0.463345] pci 0000:0b:00.4: [1022:1487] type 00 class 0x040300
Jul 15 10:53:48 pop-os system76-power[832]: [ERROR] fan daemon: platform hwmon not found
Jul 15 10:53:48 pop-os system76-power[832]: [INFO] Handling dbus requests
Jul 15 10:53:48 pop-os NetworkManager[820]: <info>  [1689411228.1831] NetworkManager (version 1.36.6) is starting... (for the first time)
Jul 15 10:53:48 pop-os NetworkManager[820]: <info>  [1689411228.1831] Read config: /etc/NetworkManager/NetworkManager.conf (lib: 10-dns-resolved.conf, 20-connectivity-pop.conf, no-mac-addr-change.conf) (etc: 10-globally-managed-devices.conf, default-wifi-powersave-on.conf)
Jul 15 10:53:48 pop-os polkitd[840]: started daemon version 0.105 using authority implementation `local' version `0.105'
Jul 15 10:53:48 pop-os systemd[1]: Starting User Login Management...
Jul 15 10:53:48 pop-os systemd[1]: Starting Thermal Daemon Service...
Jul 15 10:53:48 pop-os NetworkManager[820]: <info>  [1689411228.1843] bus-manager: acquired D-Bus service "org.freedesktop.NetworkManager"
Jul 15 10:53:48 pop-os systemd[1]: Started Touchgg Daemon.
Jul 15 10:53:48 pop-os systemd[1]: Condition check resulted in Ubuntu Pro reboot cmds being skipped.
Jul 15 10:53:48 pop-os systemd[1]: Starting Disk Manager...
Jul 15 10:53:48 pop-os systemd[1]: Starting WPA supplicant...
Jul 15 10:53:48 pop-os systemd[1]: e2scrub_reap.service: Deactivated successfully.
Jul 15 10:53:48 pop-os NetworkManager[820]: <info>  [1689411228.1866] manager[0x557fc0585000]: monitoring kernel firmware directory '/lib/firmware'.
Jul 15 10:53:48 pop-os NetworkManager[820]: <info>  [1689411228.1867] monitoring ifupdown state file '/run/network/ifstate'.
Jul 15 10:53:48 pop-os systemd[1]: Finished Remove Stale Online ext4 Metadata Check Snapshots.
Jul 15 10:53:48 pop-os avahi-daemon[824]: Successfully dropped root privileges.
Jul 15 10:53:48 pop-os kernel: [    0.463351] pci 0000:0b:00.4: reg 0x10: [mem 0xfc800000-0xfc807fff]
Jul 15 10:53:48 pop-os kernel: [    0.463369] pci 0000:0b:00.4: enabling Extended Tags
Jul 15 10:53:48 pop-os kernel: [    0.463398] pci 0000:0b:00.4: PME# supported from D0 D3hot D3cold
Jul 15 10:53:48 pop-os kernel: [    0.463463] pci 0000:00:08.1: PCI bridge to [bus 0b]
Jul 15 10:53:48 pop-os avahi-daemon[824]: avahi-daemon 0.8 starting up.
Jul 15 10:53:48 pop-os kernel: [    0.463467] pci 0000:00:08.1:   bridge window [mem 0xfc600000-0xfc8fffff]
Jul 15 10:53:48 pop-os kernel: [    0.463635] ACPI: PCI: Interrupt link LNKA configured for IRQ 0
Jul 15 10:53:48 pop-os kernel: [    0.463667] ACPI: PCI: Interrupt link LNKB configured for IRQ 0
Jul 15 10:53:48 pop-os kernel: [    0.463693] ACPI: PCI: Interrupt link LNKC configured for IRQ 0
Jul 15 10:53:48 pop-os kernel: [    0.463726] ACPI: PCI: Interrupt link LNKD configured for IRQ 0
Jul 15 10:53:48 pop-os rsyslogd: imuxsock: Acquired UNIX socket '/run/systemd/journal/syslog' (fd 3) from systemd.  [v8.2112.0]
Jul 15 10:53:48 pop-os kernel: [    0.463755] ACPI: PCI: Interrupt link LNKE configured for IRQ 0
Jul 15 10:53:48 pop-os kernel: [    0.463779] ACPI: PCI: Interrupt link LNKF configured for IRQ 0
Jul 15 10:53:48 pop-os kernel: [    0.463803] ACPI: PCI: Interrupt link LNKG configured for IRQ 0
Jul 15 10:53:48 pop-os kernel: [    0.463827] ACPI: PCI: Interrupt link LNKH configured for IRQ 0
Jul 15 10:53:48 pop-os kernel: [    0.464451] iommu: Default domain type: Translated 
Jul 15 10:53:48 pop-os rsyslogd: rsyslogd's groupid changed to 111
Jul 15 10:53:48 pop-os kernel: [    0.464451] iommu: DMA domain TLB invalidation policy: lazy mode 
Jul 15 10:53:48 pop-os kernel: [    0.464466] SCSI subsystem initialized
Jul 15 10:53:48 pop-os kernel: [    0.464470] libata version 3.00 loaded.
Jul 15 10:53:48 pop-os kernel: [    0.464470] ACPI: bus type USB registered
Jul 15 10:53:48 pop-os kernel: [    0.464470] usbcore: registered new interface driver usbfs
Jul 15 10:53:48 pop-os rsyslogd: rsyslogd's userid changed to 104
Jul 15 10:53:48 pop-os kernel: [    0.464470] usbcore: registered new interface driver hub
Jul 15 10:53:48 pop-os kernel: [    0.464470] usbcore: registered new device driver usb
Jul 15 10:53:48 pop-os kernel: [    0.464470] pps_core: LinuxPPS API ver. 1 registered
Jul 15 10:53:48 pop-os kernel: [    0.464470] pps_core: Software ver. 5.3.6 - Copyright 2005-2007 Rodolfo Giometti <giometti@linux.it>
Jul 15 10:53:48 pop-os kernel: [    0.464470] PTP clock support registered
Jul 15 10:53:48 pop-os rsyslogd: [origin software="rsyslogd" swVersion="8.2112.0" x-pid="844" x-info="https://www.rsyslog.com"] start
Jul 15 10:53:48 pop-os kernel: [    0.464470] EDAC MC: Ver: 3.0.0
Jul 15 10:53:48 pop-os kernel: [    0.464470] Registered efivars operations
Jul 15 10:53:48 pop-os kernel: [    0.468495] NetLabel: Initializing
Jul 15 10:53:48 pop-os kernel: [    0.468496] NetLabel:  domain hash size = 128
Jul 15 10:53:48 pop-os kernel: [    0.468497] NetLabel:  protocols = UNLABELED CIPSOv4 CALIPSO
Jul 15 10:53:48 pop-os kernel: [    0.468506] NetLabel:  unlabeled traffic allowed by default
Jul 15 10:53:48 pop-os udisksd[872]: udisks daemon version 2.9.4 starting
Jul 15 10:53:48 pop-os kernel: [    0.468512] mctp: management component transport protocol core
Jul 15 10:53:48 pop-os kernel: [    0.468512] NET: Registered PF_MCTP protocol family
Jul 15 10:53:48 pop-os kernel: [    0.468512] PCI: Using ACPI for IRQ routing
Jul 15 10:53:48 pop-os kernel: [    0.473471] PCI: pci_cache_line_size set to 64 bytes
Jul 15 10:53:48 pop-os kernel: [    0.473520] e820: reserve RAM buffer [mem 0x09c3f000-0x0bffffff]
Jul 15 10:53:48 pop-os avahi-daemon[824]: Successfully called chroot().
Jul 15 10:53:48 pop-os kernel: [    0.473521] e820: reserve RAM buffer [mem 0x0a200000-0x0bffffff]
Jul 15 10:53:48 pop-os kernel: [    0.473522] e820: reserve RAM buffer [mem 0x0b000000-0x0bffffff]
Jul 15 10:53:48 pop-os kernel: [    0.473523] e820: reserve RAM buffer [mem 0xb4497018-0xb7ffffff]
Jul 15 10:53:48 pop-os kernel: [    0.473523] e820: reserve RAM buffer [mem 0xb44b5018-0xb7ffffff]
